Archive member included to satisfy reference by file (symbol)

/usr/lib/gcc/arm-none-eabi/9.2.1/../../../arm-none-eabi/lib/thumb/v7e-m+fp/hard/libc_nano.a(lib_a-atexit.o)
                              /usr/lib/gcc/arm-none-eabi/9.2.1/../../../arm-none-eabi/lib/thumb/v7e-m+fp/hard/crt0.o (atexit)
/usr/lib/gcc/arm-none-eabi/9.2.1/../../../arm-none-eabi/lib/thumb/v7e-m+fp/hard/libc_nano.a(lib_a-exit.o)
                              /usr/lib/gcc/arm-none-eabi/9.2.1/../../../arm-none-eabi/lib/thumb/v7e-m+fp/hard/crt0.o (exit)
/usr/lib/gcc/arm-none-eabi/9.2.1/../../../arm-none-eabi/lib/thumb/v7e-m+fp/hard/libc_nano.a(lib_a-fini.o)
                              /usr/lib/gcc/arm-none-eabi/9.2.1/../../../arm-none-eabi/lib/thumb/v7e-m+fp/hard/crt0.o (__libc_fini_array)
/usr/lib/gcc/arm-none-eabi/9.2.1/../../../arm-none-eabi/lib/thumb/v7e-m+fp/hard/libc_nano.a(lib_a-impure.o)
                              /usr/lib/gcc/arm-none-eabi/9.2.1/../../../arm-none-eabi/lib/thumb/v7e-m+fp/hard/libc_nano.a(lib_a-exit.o) (_global_impure_ptr)
/usr/lib/gcc/arm-none-eabi/9.2.1/../../../arm-none-eabi/lib/thumb/v7e-m+fp/hard/libc_nano.a(lib_a-init.o)
                              /usr/lib/gcc/arm-none-eabi/9.2.1/../../../arm-none-eabi/lib/thumb/v7e-m+fp/hard/crt0.o (__libc_init_array)
/usr/lib/gcc/arm-none-eabi/9.2.1/../../../arm-none-eabi/lib/thumb/v7e-m+fp/hard/libc_nano.a(lib_a-memcpy.o)
                              build/queue.o (memcpy)
/usr/lib/gcc/arm-none-eabi/9.2.1/../../../arm-none-eabi/lib/thumb/v7e-m+fp/hard/libc_nano.a(lib_a-memset.o)
                              /usr/lib/gcc/arm-none-eabi/9.2.1/../../../arm-none-eabi/lib/thumb/v7e-m+fp/hard/crt0.o (memset)
/usr/lib/gcc/arm-none-eabi/9.2.1/../../../arm-none-eabi/lib/thumb/v7e-m+fp/hard/libc_nano.a(lib_a-__atexit.o)
                              /usr/lib/gcc/arm-none-eabi/9.2.1/../../../arm-none-eabi/lib/thumb/v7e-m+fp/hard/libc_nano.a(lib_a-atexit.o) (__register_exitproc)
/usr/lib/gcc/arm-none-eabi/9.2.1/../../../arm-none-eabi/lib/thumb/v7e-m+fp/hard/libc_nano.a(lib_a-__call_atexit.o)
                              /usr/lib/gcc/arm-none-eabi/9.2.1/../../../arm-none-eabi/lib/thumb/v7e-m+fp/hard/libc_nano.a(lib_a-__atexit.o) (__call_exitprocs)
/usr/lib/gcc/arm-none-eabi/9.2.1/../../../arm-none-eabi/lib/thumb/v7e-m+fp/hard/libnosys.a(_exit.o)
                              /usr/lib/gcc/arm-none-eabi/9.2.1/../../../arm-none-eabi/lib/thumb/v7e-m+fp/hard/libc_nano.a(lib_a-exit.o) (_exit)
/usr/lib/gcc/arm-none-eabi/9.2.1/thumb/v7e-m+fp/hard/libgcc.a(_aeabi_uldivmod.o)
                              build/stm32g4xx_hal_uart.o (__aeabi_uldivmod)
/usr/lib/gcc/arm-none-eabi/9.2.1/thumb/v7e-m+fp/hard/libgcc.a(_udivmoddi4.o)
                              /usr/lib/gcc/arm-none-eabi/9.2.1/thumb/v7e-m+fp/hard/libgcc.a(_aeabi_uldivmod.o) (__udivmoddi4)
/usr/lib/gcc/arm-none-eabi/9.2.1/thumb/v7e-m+fp/hard/libgcc.a(_dvmd_tls.o)
                              /usr/lib/gcc/arm-none-eabi/9.2.1/thumb/v7e-m+fp/hard/libgcc.a(_aeabi_uldivmod.o) (__aeabi_ldiv0)

Allocating common symbols
Common symbol       size              file

defaultTaskHandle   0x4               build/app_freertos.o
hi2c2               0x4c              build/i2c.o
uwTick              0x4               build/stm32g4xx_hal.o
xQueueRegistry      0x40              build/queue.o
hcordic             0x28              build/cordic.o
htim2               0x4c              build/stm32g4xx_hal_timebase_tim.o
huart2              0x8c              build/usart.o

Discarded input sections

 .text          0x0000000000000000        0x0 /usr/lib/gcc/arm-none-eabi/9.2.1/thumb/v7e-m+fp/hard/crti.o
 .data          0x0000000000000000        0x0 /usr/lib/gcc/arm-none-eabi/9.2.1/thumb/v7e-m+fp/hard/crti.o
 .bss           0x0000000000000000        0x0 /usr/lib/gcc/arm-none-eabi/9.2.1/thumb/v7e-m+fp/hard/crti.o
 .data          0x0000000000000000        0x4 /usr/lib/gcc/arm-none-eabi/9.2.1/thumb/v7e-m+fp/hard/crtbegin.o
 .text          0x0000000000000000       0x70 /usr/lib/gcc/arm-none-eabi/9.2.1/../../../arm-none-eabi/lib/thumb/v7e-m+fp/hard/crt0.o
 .data          0x0000000000000000        0x0 /usr/lib/gcc/arm-none-eabi/9.2.1/../../../arm-none-eabi/lib/thumb/v7e-m+fp/hard/crt0.o
 .bss           0x0000000000000000        0x0 /usr/lib/gcc/arm-none-eabi/9.2.1/../../../arm-none-eabi/lib/thumb/v7e-m+fp/hard/crt0.o
 .ARM.extab     0x0000000000000000        0x0 /usr/lib/gcc/arm-none-eabi/9.2.1/../../../arm-none-eabi/lib/thumb/v7e-m+fp/hard/crt0.o
 .ARM.exidx     0x0000000000000000       0x10 /usr/lib/gcc/arm-none-eabi/9.2.1/../../../arm-none-eabi/lib/thumb/v7e-m+fp/hard/crt0.o
 .debug_line    0x0000000000000000       0x87 /usr/lib/gcc/arm-none-eabi/9.2.1/../../../arm-none-eabi/lib/thumb/v7e-m+fp/hard/crt0.o
 .debug_info    0x0000000000000000       0x26 /usr/lib/gcc/arm-none-eabi/9.2.1/../../../arm-none-eabi/lib/thumb/v7e-m+fp/hard/crt0.o
[...]
Memory Configuration

Name             Origin             Length             Attributes
RAM              0x0000000020000000 0x0000000000008000 xrw
FLASH            0x0000000008000000 0x0000000000020000 xr
*default*        0x0000000000000000 0xffffffffffffffff

Linker script and memory map

LOAD /usr/lib/gcc/arm-none-eabi/9.2.1/thumb/v7e-m+fp/hard/crti.o
LOAD /usr/lib/gcc/arm-none-eabi/9.2.1/thumb/v7e-m+fp/hard/crtbegin.o
LOAD /usr/lib/gcc/arm-none-eabi/9.2.1/../../../arm-none-eabi/lib/thumb/v7e-m+fp/hard/crt0.o
LOAD build/main.o
LOAD build/gpio.o
LOAD build/cordic.o
LOAD build/app_freertos.o
LOAD build/i2c.o
LOAD build/usart.o
LOAD build/stm32g4xx_it.o
LOAD build/stm32g4xx_hal_msp.o
LOAD build/stm32g4xx_hal_timebase_tim.o
LOAD build/stm32g4xx_hal_gpio.o
LOAD build/stm32g4xx_hal_cordic.o
LOAD build/stm32g4xx_hal.o
LOAD build/stm32g4xx_hal_rcc.o
LOAD build/stm32g4xx_hal_rcc_ex.o
LOAD build/stm32g4xx_hal_flash.o
LOAD build/stm32g4xx_hal_flash_ex.o
LOAD build/stm32g4xx_hal_flash_ramfunc.o
LOAD build/stm32g4xx_hal_exti.o
LOAD build/stm32g4xx_hal_dma.o
LOAD build/stm32g4xx_hal_dma_ex.o
LOAD build/stm32g4xx_hal_pwr.o
LOAD build/stm32g4xx_hal_pwr_ex.o
LOAD build/stm32g4xx_hal_cortex.o
LOAD build/stm32g4xx_hal_i2c.o
LOAD build/stm32g4xx_hal_i2c_ex.o
LOAD build/stm32g4xx_hal_tim.o
LOAD build/stm32g4xx_hal_tim_ex.o
LOAD build/stm32g4xx_ll_pwr.o
LOAD build/stm32g4xx_hal_uart.o
LOAD build/stm32g4xx_hal_uart_ex.o
LOAD build/system_stm32g4xx.o
LOAD build/croutine.o
LOAD build/event_groups.o
LOAD build/list.o
LOAD build/queue.o
LOAD build/stream_buffer.o
LOAD build/tasks.o
LOAD build/timers.o
LOAD build/cmsis_os.o
LOAD build/heap_4.o
LOAD build/port.o
LOAD build/startup_stm32g431xx.o
LOAD /usr/lib/gcc/arm-none-eabi/9.2.1/../../../arm-none-eabi/lib/thumb/v7e-m+fp/hard/libc_nano.a
LOAD /usr/lib/gcc/arm-none-eabi/9.2.1/../../../arm-none-eabi/lib/thumb/v7e-m+fp/hard/libm.a
LOAD /usr/lib/gcc/arm-none-eabi/9.2.1/../../../arm-none-eabi/lib/thumb/v7e-m+fp/hard/libnosys.a
START GROUP
LOAD /usr/lib/gcc/arm-none-eabi/9.2.1/thumb/v7e-m+fp/hard/libgcc.a
LOAD /usr/lib/gcc/arm-none-eabi/9.2.1/../../../arm-none-eabi/lib/thumb/v7e-m+fp/hard/libc_nano.a
END GROUP
START GROUP
LOAD /usr/lib/gcc/arm-none-eabi/9.2.1/thumb/v7e-m+fp/hard/libgcc.a
LOAD /usr/lib/gcc/arm-none-eabi/9.2.1/../../../arm-none-eabi/lib/thumb/v7e-m+fp/hard/libc_nano.a
END GROUP
LOAD /usr/lib/gcc/arm-none-eabi/9.2.1/thumb/v7e-m+fp/hard/crtend.o
LOAD /usr/lib/gcc/arm-none-eabi/9.2.1/thumb/v7e-m+fp/hard/crtn.o
                0x0000000020008000                _estack = 0x20008000
                0x0000000000000200                _Min_Heap_Size = 0x200
                0x0000000000000400                _Min_Stack_Size = 0x400

.isr_vector     0x0000000008000000      0x1d8
                0x0000000008000000                . = ALIGN (0x4)
 *(.isr_vector)
 .isr_vector    0x0000000008000000      0x1d8 build/startup_stm32g431xx.o
                0x0000000008000000                g_pfnVectors
                0x00000000080001d8                . = ALIGN (0x4)

.text           0x00000000080001e0     0x3974
                0x00000000080001e0                . = ALIGN (0x4)
 *(.text)
 .text          0x00000000080001e0       0x88 /usr/lib/gcc/arm-none-eabi/9.2.1/thumb/v7e-m+fp/hard/crtbegin.o
 .text          0x0000000008000268       0x48 /usr/lib/gcc/arm-none-eabi/9.2.1/../../../arm-none-eabi/lib/thumb/v7e-m+fp/hard/libc_nano.a(lib_a-init.o)
                0x0000000008000268                __libc_init_array
 .text          0x00000000080002b0       0xa0 /usr/lib/gcc/arm-none-eabi/9.2.1/../../../arm-none-eabi/lib/thumb/v7e-m+fp/hard/libc_nano.a(lib_a-memset.o)
                0x00000000080002b0                memset
 .text          0x0000000008000350       0x30 /usr/lib/gcc/arm-none-eabi/9.2.1/thumb/v7e-m+fp/hard/libgcc.a(_aeabi_uldivmod.o)
                0x0000000008000350                __aeabi_uldivmod
 .text          0x0000000008000380      0x2c4 /usr/lib/gcc/arm-none-eabi/9.2.1/thumb/v7e-m+fp/hard/libgcc.a(_udivmoddi4.o)
                0x0000000008000380                __udivmoddi4
 .text          0x0000000008000644        0x4 /usr/lib/gcc/arm-none-eabi/9.2.1/thumb/v7e-m+fp/hard/libgcc.a(_dvmd_tls.o)
                0x0000000008000644                __aeabi_ldiv0
                0x0000000008000644                __aeabi_idiv0
 *(.text*)
 .text.SystemClock_Config
                0x0000000008000648       0x76 build/main.o
                0x0000000008000648                SystemClock_Config
 .text.main     0x00000000080006be       0x24 build/main.o
                0x00000000080006be                main
 .text.HAL_TIM_PeriodElapsedCallback
                0x00000000080006e2       0x12 build/main.o
                0x00000000080006e2                HAL_TIM_PeriodElapsedCallback
 .text.Error_Handler
                0x00000000080006f4        0x2 build/main.o
                0x00000000080006f4                Error_Handler
 *fill*         0x00000000080006f6        0x2 
 .text.MX_GPIO_Init
                0x00000000080006f8       0xa0 build/gpio.o
                0x00000000080006f8                MX_GPIO_Init
 .text.MX_CORDIC_Init
                0x0000000008000798       0x20 build/cordic.o
                0x0000000008000798                MX_CORDIC_Init
 .text.HAL_CORDIC_MspInit
                0x00000000080007b8       0x2c build/cordic.o
                0x00000000080007b8                HAL_CORDIC_MspInit
 .text.StartDefaultTask
                0x00000000080007e4        0xa build/app_freertos.o
                0x00000000080007e4                StartDefaultTask
 *fill*         0x00000000080007ee        0x2 
 .text.MX_FREERTOS_Init
                0x00000000080007f0       0x28 build/app_freertos.o
                0x00000000080007f0                MX_FREERTOS_Init
 .text.MX_I2C2_Init
                0x0000000008000818       0x60 build/i2c.o
                0x0000000008000818                MX_I2C2_Init
 .text.HAL_I2C_MspInit
                0x0000000008000878       0x6c build/i2c.o
                0x0000000008000878                HAL_I2C_MspInit
 .text.MX_USART2_UART_Init
                0x00000000080008e4       0x68 build/usart.o
                0x00000000080008e4                MX_USART2_UART_Init
 .text.HAL_UART_MspInit
                0x000000000800094c       0x68 build/usart.o
                0x000000000800094c                HAL_UART_MspInit
 .text.NMI_Handler
                0x00000000080009b4        0x2 build/stm32g4xx_it.o
                0x00000000080009b4                NMI_Handler
 .text.HardFault_Handler
                0x00000000080009b6        0x2 build/stm32g4xx_it.o
                0x00000000080009b6                HardFault_Handler
 .text.MemManage_Handler
                0x00000000080009b8        0x2 build/stm32g4xx_it.o
                0x00000000080009b8                MemManage_Handler
 .text.BusFault_Handler
                0x00000000080009ba        0x2 build/stm32g4xx_it.o
                0x00000000080009ba                BusFault_Handler
 .text.UsageFault_Handler
                0x00000000080009bc        0x2 build/stm32g4xx_it.o
                0x00000000080009bc                UsageFault_Handler
 .text.DebugMon_Handler
                0x00000000080009be        0x2 build/stm32g4xx_it.o
                0x00000000080009be                DebugMon_Handler
 .text.TIM2_IRQHandler
                0x00000000080009c0       0x10 build/stm32g4xx_it.o
                0x00000000080009c0                TIM2_IRQHandler
 .text.HAL_MspInit
                0x00000000080009d0       0x50 build/stm32g4xx_hal_msp.o
                0x00000000080009d0                HAL_MspInit
 .text.HAL_InitTick
                0x0000000008000a20       0x78 build/stm32g4xx_hal_timebase_tim.o
                0x0000000008000a20                HAL_InitTick
 .text.HAL_GPIO_Init
                0x0000000008000a98      0x1a4 build/stm32g4xx_hal_gpio.o
                0x0000000008000a98                HAL_GPIO_Init
 .text.HAL_CORDIC_Init
                0x0000000008000c3c       0x30 build/stm32g4xx_hal_cordic.o
                0x0000000008000c3c                HAL_CORDIC_Init
 .text.HAL_Init
                0x0000000008000c6c       0x1e build/stm32g4xx_hal.o
                0x0000000008000c6c                HAL_Init
 *fill*         0x0000000008000c8a        0x2 
 .text.HAL_IncTick
                0x0000000008000c8c       0x18 build/stm32g4xx_hal.o
                0x0000000008000c8c                HAL_IncTick
 .text.HAL_GetTick
                0x0000000008000ca4        0xc build/stm32g4xx_hal.o
                0x0000000008000ca4                HAL_GetTick
 .text.RCC_GetSysClockFreqFromPLLSource
                0x0000000008000cb0       0x54 build/stm32g4xx_hal_rcc.o
 .text.HAL_RCC_OscConfig
                0x0000000008000d04      0x4e8 build/stm32g4xx_hal_rcc.o
                0x0000000008000d04                HAL_RCC_OscConfig
 .text.HAL_RCC_GetSysClockFreq
                0x00000000080011ec       0x84 build/stm32g4xx_hal_rcc.o
                0x00000000080011ec                HAL_RCC_GetSysClockFreq
 .text.HAL_RCC_ClockConfig
                0x0000000008001270      0x1f8 build/stm32g4xx_hal_rcc.o
                0x0000000008001270                HAL_RCC_ClockConfig
 .text.HAL_RCC_GetHCLKFreq
                0x0000000008001468        0xc build/stm32g4xx_hal_rcc.o
                0x0000000008001468                HAL_RCC_GetHCLKFreq
 .text.HAL_RCC_GetPCLK1Freq
                0x0000000008001474       0x24 build/stm32g4xx_hal_rcc.o
                0x0000000008001474                HAL_RCC_GetPCLK1Freq
 .text.HAL_RCC_GetPCLK2Freq
                0x0000000008001498       0x24 build/stm32g4xx_hal_rcc.o
                0x0000000008001498                HAL_RCC_GetPCLK2Freq
 .text.HAL_RCC_GetClockConfig
                0x00000000080014bc       0x3c build/stm32g4xx_hal_rcc.o
                0x00000000080014bc                HAL_RCC_GetClockConfig
 .text.HAL_RCCEx_PeriphCLKConfig
                0x00000000080014f8      0x2e4 build/stm32g4xx_hal_rcc_ex.o
                0x00000000080014f8                HAL_RCCEx_PeriphCLKConfig
 .text.HAL_PWREx_ControlVoltageScaling
                0x00000000080017dc      0x10c build/stm32g4xx_hal_pwr_ex.o
                0x00000000080017dc                HAL_PWREx_ControlVoltageScaling
 .text.HAL_NVIC_SetPriorityGrouping
                0x00000000080018e8       0x24 build/stm32g4xx_hal_cortex.o
                0x00000000080018e8                HAL_NVIC_SetPriorityGrouping
 .text.HAL_NVIC_SetPriority
                0x000000000800190c       0x68 build/stm32g4xx_hal_cortex.o
                0x000000000800190c                HAL_NVIC_SetPriority
 .text.HAL_NVIC_EnableIRQ
                0x0000000008001974       0x1c build/stm32g4xx_hal_cortex.o
                0x0000000008001974                HAL_NVIC_EnableIRQ
 .text.HAL_I2C_Init
                0x0000000008001990       0xbc build/stm32g4xx_hal_i2c.o
                0x0000000008001990                HAL_I2C_Init
 .text.HAL_I2CEx_ConfigAnalogFilter
                0x0000000008001a4c       0x5c build/stm32g4xx_hal_i2c_ex.o
                0x0000000008001a4c                HAL_I2CEx_ConfigAnalogFilter
 .text.HAL_I2CEx_ConfigDigitalFilter
                0x0000000008001aa8       0x58 build/stm32g4xx_hal_i2c_ex.o
                0x0000000008001aa8                HAL_I2CEx_ConfigDigitalFilter
 .text.HAL_TIM_Base_MspInit
                0x0000000008001b00        0x2 build/stm32g4xx_hal_tim.o
                0x0000000008001b00                HAL_TIM_Base_MspInit
 *fill*         0x0000000008001b02        0x2 
 .text.HAL_TIM_Base_Start_IT
                0x0000000008001b04       0x48 build/stm32g4xx_hal_tim.o
                0x0000000008001b04                HAL_TIM_Base_Start_IT
 .text.HAL_TIM_OC_DelayElapsedCallback
                0x0000000008001b4c        0x2 build/stm32g4xx_hal_tim.o
                0x0000000008001b4c                HAL_TIM_OC_DelayElapsedCallback
 .text.HAL_TIM_IC_CaptureCallback
                0x0000000008001b4e        0x2 build/stm32g4xx_hal_tim.o
                0x0000000008001b4e                HAL_TIM_IC_CaptureCallback
 .text.HAL_TIM_PWM_PulseFinishedCallback
                0x0000000008001b50        0x2 build/stm32g4xx_hal_tim.o
                0x0000000008001b50                HAL_TIM_PWM_PulseFinishedCallback
 .text.HAL_TIM_TriggerCallback
                0x0000000008001b52        0x2 build/stm32g4xx_hal_tim.o
                0x0000000008001b52                HAL_TIM_TriggerCallback
 .text.HAL_TIM_IRQHandler
                0x0000000008001b54      0x21e build/stm32g4xx_hal_tim.o
                0x0000000008001b54                HAL_TIM_IRQHandler
 *fill*         0x0000000008001d72        0x2 
 .text.TIM_Base_SetConfig
                0x0000000008001d74       0xb8 build/stm32g4xx_hal_tim.o
                0x0000000008001d74                TIM_Base_SetConfig
 .text.HAL_TIM_Base_Init
                0x0000000008001e2c       0x60 build/stm32g4xx_hal_tim.o
                0x0000000008001e2c                HAL_TIM_Base_Init
 .text.HAL_TIMEx_CommutCallback
                0x0000000008001e8c        0x2 build/stm32g4xx_hal_tim_ex.o
                0x0000000008001e8c                HAL_TIMEx_CommutCallback
 .text.HAL_TIMEx_BreakCallback
                0x0000000008001e8e        0x2 build/stm32g4xx_hal_tim_ex.o
                0x0000000008001e8e                HAL_TIMEx_BreakCallback
 .text.HAL_TIMEx_Break2Callback
                0x0000000008001e90        0x2 build/stm32g4xx_hal_tim_ex.o
                0x0000000008001e90                HAL_TIMEx_Break2Callback
 .text.HAL_TIMEx_EncoderIndexCallback
                0x0000000008001e92        0x2 build/stm32g4xx_hal_tim_ex.o
                0x0000000008001e92                HAL_TIMEx_EncoderIndexCallback
 .text.HAL_TIMEx_DirectionChangeCallback
                0x0000000008001e94        0x2 build/stm32g4xx_hal_tim_ex.o
                0x0000000008001e94                HAL_TIMEx_DirectionChangeCallback
 .text.HAL_TIMEx_IndexErrorCallback
                0x0000000008001e96        0x2 build/stm32g4xx_hal_tim_ex.o
                0x0000000008001e96                HAL_TIMEx_IndexErrorCallback
 .text.HAL_TIMEx_TransitionErrorCallback
                0x0000000008001e98        0x2 build/stm32g4xx_hal_tim_ex.o
                0x0000000008001e98                HAL_TIMEx_TransitionErrorCallback
 *fill*         0x0000000008001e9a        0x2 
 .text.UART_SetConfig
                0x0000000008001e9c      0xbf0 build/stm32g4xx_hal_uart.o
                0x0000000008001e9c                UART_SetConfig
 .text.UART_AdvFeatureConfig
                0x0000000008002a8c       0xca build/stm32g4xx_hal_uart.o
                0x0000000008002a8c                UART_AdvFeatureConfig
 .text.UART_WaitOnFlagUntilTimeout
                0x0000000008002b56       0x68 build/stm32g4xx_hal_uart.o
                0x0000000008002b56                UART_WaitOnFlagUntilTimeout
 .text.UART_CheckIdleState
                0x0000000008002bbe       0x72 build/stm32g4xx_hal_uart.o
                0x0000000008002bbe                UART_CheckIdleState
 .text.HAL_UART_Init
                0x0000000008002c30       0x66 build/stm32g4xx_hal_uart.o
                0x0000000008002c30                HAL_UART_Init
 *fill*         0x0000000008002c96        0x2 
 .text.UARTEx_SetNbDataToProcess
                0x0000000008002c98       0x70 build/stm32g4xx_hal_uart_ex.o
 .text.HAL_UARTEx_DisableFifoMode
                0x0000000008002d08       0x3e build/stm32g4xx_hal_uart_ex.o
                0x0000000008002d08                HAL_UARTEx_DisableFifoMode
 .text.HAL_UARTEx_SetTxFifoThreshold
                0x0000000008002d46       0x4a build/stm32g4xx_hal_uart_ex.o
                0x0000000008002d46                HAL_UARTEx_SetTxFifoThreshold
 .text.HAL_UARTEx_SetRxFifoThreshold
                0x0000000008002d90       0x4a build/stm32g4xx_hal_uart_ex.o
                0x0000000008002d90                HAL_UARTEx_SetRxFifoThreshold
 *fill*         0x0000000008002dda        0x2 
 .text.SystemInit
                0x0000000008002ddc       0x1c build/system_stm32g4xx.o
                0x0000000008002ddc                SystemInit
 .text.vListInitialise
                0x0000000008002df8       0x16 build/list.o
                0x0000000008002df8                vListInitialise
 .text.vListInitialiseItem
                0x0000000008002e0e        0x6 build/list.o
                0x0000000008002e0e                vListInitialiseItem
 .text.vListInsertEnd
                0x0000000008002e14       0x16 build/list.o
                0x0000000008002e14                vListInsertEnd
 .text.vListInsert
                0x0000000008002e2a       0x32 build/list.o
                0x0000000008002e2a                vListInsert
 .text.uxListRemove
                0x0000000008002e5c       0x26 build/list.o
                0x0000000008002e5c                uxListRemove
 *fill*         0x0000000008002e82        0x2 
 .text.prvResetNextTaskUnblockTime
                0x0000000008002e84       0x2c build/tasks.o
 .text.prvDeleteTCB
                0x0000000008002eb0       0x12 build/tasks.o
 .text.prvInitialiseNewTask
                0x0000000008002ec2       0x8e build/tasks.o
 .text.prvInitialiseTaskLists
                0x0000000008002f50       0x68 build/tasks.o
 .text.prvAddNewTaskToReadyList
                0x0000000008002fb8       0xa8 build/tasks.o
 .text.prvCheckTasksWaitingTermination
                0x0000000008003060       0x4c build/tasks.o
 .text.prvIdleTask
                0x00000000080030ac       0x28 build/tasks.o
 .text.prvAddCurrentTaskToDelayedList
                0x00000000080030d4       0x98 build/tasks.o
 .text.xTaskCreate
                0x000000000800316c       0x64 build/tasks.o
                0x000000000800316c                xTaskCreate
 .text.vTaskStartScheduler
                0x00000000080031d0       0x7c build/tasks.o
                0x00000000080031d0                vTaskStartScheduler
 .text.vTaskSuspendAll
                0x000000000800324c       0x10 build/tasks.o
                0x000000000800324c                vTaskSuspendAll
 .text.xTaskIncrementTick
                0x000000000800325c      0x118 build/tasks.o
                0x000000000800325c                xTaskIncrementTick
 .text.xTaskResumeAll
                0x0000000008003374       0xf8 build/tasks.o
                0x0000000008003374                xTaskResumeAll
 .text.vTaskDelay
                0x000000000800346c       0x4c build/tasks.o
                0x000000000800346c                vTaskDelay
 .text.vTaskSwitchContext
                0x00000000080034b8       0x98 build/tasks.o
                0x00000000080034b8                vTaskSwitchContext
 .text.makeFreeRtosPriority
                0x0000000008003550        0xc build/cmsis_os.o
 .text.osKernelStart
                0x000000000800355c        0xa build/cmsis_os.o
                0x000000000800355c                osKernelStart
 .text.osThreadCreate
                0x0000000008003566       0x34 build/cmsis_os.o
                0x0000000008003566                osThreadCreate
 .text.osDelay  0x000000000800359a        0xe build/cmsis_os.o
                0x000000000800359a                osDelay
 .text.prvHeapInit
                0x00000000080035a8       0x64 build/heap_4.o
 .text.prvInsertBlockIntoFreeList
                0x000000000800360c       0x58 build/heap_4.o
 .text.pvPortMalloc
                0x0000000008003664       0xf0 build/heap_4.o
                0x0000000008003664                pvPortMalloc
 .text.vPortFree
                0x0000000008003754       0x70 build/heap_4.o
                0x0000000008003754                vPortFree
 .text.prvTaskExitError
                0x00000000080037c4       0x40 build/port.o
 .text.prvPortStartFirstTask
                0x0000000008003804       0x28 build/port.o
 .text.vPortEnableVFP
                0x000000000800382c       0x14 build/port.o
 .text.pxPortInitialiseStack
                0x0000000008003840       0x2c build/port.o
                0x0000000008003840                pxPortInitialiseStack
 *fill*         0x000000000800386c        0x4 
 .text.SVC_Handler
                0x0000000008003870       0x24 build/port.o
                0x0000000008003870                SVC_Handler
 .text.vPortEnterCritical
                0x0000000008003894       0x44 build/port.o
                0x0000000008003894                vPortEnterCritical
 .text.vPortExitCritical
                0x00000000080038d8       0x2c build/port.o
                0x00000000080038d8                vPortExitCritical
 *fill*         0x0000000008003904        0xc 
 .text.PendSV_Handler
                0x0000000008003910       0x64 build/port.o
                0x0000000008003910                PendSV_Handler
 .text.SysTick_Handler
                0x0000000008003974       0x2c build/port.o
                0x0000000008003974                SysTick_Handler
 .text.vPortSetupTimerInterrupt
                0x00000000080039a0       0x38 build/port.o
                0x00000000080039a0                vPortSetupTimerInterrupt
 .text.xPortStartScheduler
                0x00000000080039d8      0x110 build/port.o
                0x00000000080039d8                xPortStartScheduler
 .text.Reset_Handler
                0x0000000008003ae8       0x50 build/startup_stm32g431xx.o
                0x0000000008003ae8                Reset_Handler
 .text.Default_Handler
                0x0000000008003b38        0x2 build/startup_stm32g431xx.o
                0x0000000008003b38                RTC_Alarm_IRQHandler
                0x0000000008003b38                EXTI2_IRQHandler
                0x0000000008003b38                TIM8_TRG_COM_IRQHandler
                0x0000000008003b38                TIM8_CC_IRQHandler
                0x0000000008003b38                TIM1_CC_IRQHandler
                0x0000000008003b38                USB_HP_IRQHandler
                0x0000000008003b38                CORDIC_IRQHandler
                0x0000000008003b38                EXTI3_IRQHandler
                0x0000000008003b38                I2C3_ER_IRQHandler
                0x0000000008003b38                EXTI0_IRQHandler
                0x0000000008003b38                I2C2_EV_IRQHandler
                0x0000000008003b38                FPU_IRQHandler
                0x0000000008003b38                FDCAN1_IT1_IRQHandler
                0x0000000008003b38                TIM1_UP_TIM16_IRQHandler
                0x0000000008003b38                ADC1_2_IRQHandler
                0x0000000008003b38                SPI1_IRQHandler
                0x0000000008003b38                TIM6_DAC_IRQHandler
                0x0000000008003b38                TIM8_UP_IRQHandler
                0x0000000008003b38                DMA2_Channel2_IRQHandler
                0x0000000008003b38                DMA1_Channel4_IRQHandler
                0x0000000008003b38                USART3_IRQHandler
                0x0000000008003b38                TIM4_IRQHandler
                0x0000000008003b38                DMA2_Channel1_IRQHandler
                0x0000000008003b38                I2C1_EV_IRQHandler
                0x0000000008003b38                DMA1_Channel6_IRQHandler
                0x0000000008003b38                UART4_IRQHandler
                0x0000000008003b38                DMA2_Channel4_IRQHandler
                0x0000000008003b38                TIM3_IRQHandler
                0x0000000008003b38                RCC_IRQHandler
                0x0000000008003b38                DMA1_Channel1_IRQHandler
                0x0000000008003b38                Default_Handler
                0x0000000008003b38                RTC_TAMP_LSECSS_IRQHandler
                0x0000000008003b38                FMAC_IRQHandler
                0x0000000008003b38                EXTI15_10_IRQHandler
                0x0000000008003b38                TIM7_IRQHandler
                0x0000000008003b38                UCPD1_IRQHandler
                0x0000000008003b38                I2C3_EV_IRQHandler
                0x0000000008003b38                EXTI9_5_IRQHandler
                0x0000000008003b38                RTC_WKUP_IRQHandler
                0x0000000008003b38                PVD_PVM_IRQHandler
                0x0000000008003b38                SPI2_IRQHandler
                0x0000000008003b38                DMA2_Channel5_IRQHandler
                0x0000000008003b38                CRS_IRQHandler
                0x0000000008003b38                DMA1_Channel5_IRQHandler
                0x0000000008003b38                USB_LP_IRQHandler
                0x0000000008003b38                EXTI4_IRQHandler
                0x0000000008003b38                RNG_IRQHandler
                0x0000000008003b38                TIM1_TRG_COM_TIM17_IRQHandler
                0x0000000008003b38                DMA1_Channel3_IRQHandler
                0x0000000008003b38                WWDG_IRQHandler
                0x0000000008003b38                LPUART1_IRQHandler
                0x0000000008003b38                DMA2_Channel6_IRQHandler
                0x0000000008003b38                FDCAN1_IT0_IRQHandler
                0x0000000008003b38                COMP1_2_3_IRQHandler
                0x0000000008003b38                EXTI1_IRQHandler
                0x0000000008003b38                USART2_IRQHandler
                0x0000000008003b38                I2C2_ER_IRQHandler
                0x0000000008003b38                DMA1_Channel2_IRQHandler
                0x0000000008003b38                TIM8_BRK_IRQHandler
                0x0000000008003b38                FLASH_IRQHandler
                0x0000000008003b38                USART1_IRQHandler
                0x0000000008003b38                SPI3_IRQHandler
                0x0000000008003b38                I2C1_ER_IRQHandler
                0x0000000008003b38                LPTIM1_IRQHandler
                0x0000000008003b38                DMAMUX_OVR_IRQHandler
                0x0000000008003b38                USBWakeUp_IRQHandler
                0x0000000008003b38                SAI1_IRQHandler
                0x0000000008003b38                DMA2_Channel3_IRQHandler
                0x0000000008003b38                COMP4_IRQHandler
                0x0000000008003b38                TIM1_BRK_TIM15_IRQHandler
 *(.glue_7)
 .glue_7        0x0000000008003b3a        0x0 linker stubs
 *(.glue_7t)
 .glue_7t       0x0000000008003b3a        0x0 linker stubs
 *(.eh_frame)
 *fill*         0x0000000008003b3a        0x2 
 .eh_frame      0x0000000008003b3c        0x0 /usr/lib/gcc/arm-none-eabi/9.2.1/thumb/v7e-m+fp/hard/crtbegin.o
 *(.init)
 .init          0x0000000008003b3c        0x4 /usr/lib/gcc/arm-none-eabi/9.2.1/thumb/v7e-m+fp/hard/crti.o
                0x0000000008003b3c                _init
 .init          0x0000000008003b40        0x8 /usr/lib/gcc/arm-none-eabi/9.2.1/thumb/v7e-m+fp/hard/crtn.o
 *(.fini)
 .fini          0x0000000008003b48        0x4 /usr/lib/gcc/arm-none-eabi/9.2.1/thumb/v7e-m+fp/hard/crti.o
                0x0000000008003b48                _fini
 .fini          0x0000000008003b4c        0x8 /usr/lib/gcc/arm-none-eabi/9.2.1/thumb/v7e-m+fp/hard/crtn.o
                0x0000000008003b54                . = ALIGN (0x4)
                0x0000000008003b54                _etext = .

.vfp11_veneer   0x0000000008003b54        0x0
 .vfp11_veneer  0x0000000008003b54        0x0 linker stubs

.v4_bx          0x0000000008003b54        0x0
 .v4_bx         0x0000000008003b54        0x0 linker stubs

.iplt           0x0000000008003b54        0x0
 .iplt          0x0000000008003b54        0x0 /usr/lib/gcc/arm-none-eabi/9.2.1/thumb/v7e-m+fp/hard/crtbegin.o

.rodata         0x0000000008003b54       0x54
                0x0000000008003b54                . = ALIGN (0x4)
 *(.rodata)
 .rodata        0x0000000008003b54       0x14 build/app_freertos.o
 .rodata        0x0000000008003b68        0x8 build/stm32g4xx_hal_uart_ex.o
 *(.rodata*)
 .rodata.str1.4
                0x0000000008003b70        0xc build/app_freertos.o
 .rodata.UARTEx_SetNbDataToProcess.str1.4
                0x0000000008003b7c        0x9 build/stm32g4xx_hal_uart_ex.o
 *fill*         0x0000000008003b85        0x3 
 .rodata.AHBPrescTable
                0x0000000008003b88       0x10 build/system_stm32g4xx.o
                0x0000000008003b88                AHBPrescTable
 .rodata.APBPrescTable
                0x0000000008003b98        0x8 build/system_stm32g4xx.o
                0x0000000008003b98                APBPrescTable
 .rodata.vTaskStartScheduler.str1.4
                0x0000000008003ba0        0x5 build/tasks.o
                0x0000000008003ba8                . = ALIGN (0x4)
 *fill*         0x0000000008003ba5        0x3 

.ARM.extab
 *(.ARM.extab* .gnu.linkonce.armextab.*)

.ARM            0x0000000008003ba8        0x8
                0x0000000008003ba8                __exidx_start = .
 *(.ARM.exidx*)
 .ARM.exidx     0x0000000008003ba8        0x8 /usr/lib/gcc/arm-none-eabi/9.2.1/thumb/v7e-m+fp/hard/libgcc.a(_udivmoddi4.o)
                0x0000000008003bb0                __exidx_end = .

.rel.dyn        0x0000000008003bb0        0x0
 .rel.iplt      0x0000000008003bb0        0x0 /usr/lib/gcc/arm-none-eabi/9.2.1/thumb/v7e-m+fp/hard/crtbegin.o

.preinit_array  0x0000000008003bb0        0x0
                0x0000000008003bb0                PROVIDE (__preinit_array_start = .)
 *(.preinit_array*)
                0x0000000008003bb0                PROVIDE (__preinit_array_end = .)

.init_array     0x0000000008003bb0        0x4
                0x0000000008003bb0                PROVIDE (__init_array_start = .)
 *(SORT_BY_NAME(.init_array.*))
 *(.init_array*)
 .init_array    0x0000000008003bb0        0x4 /usr/lib/gcc/arm-none-eabi/9.2.1/thumb/v7e-m+fp/hard/crtbegin.o
                0x0000000008003bb4                PROVIDE (__init_array_end = .)

.fini_array     0x0000000008003bb4        0x4
                0x0000000008003bb4                PROVIDE (__fini_array_start = .)
 *(SORT_BY_NAME(.fini_array.*))
 *(.fini_array*)
 .fini_array    0x0000000008003bb4        0x4 /usr/lib/gcc/arm-none-eabi/9.2.1/thumb/v7e-m+fp/hard/crtbegin.o
                0x0000000008003bb8                PROVIDE (__fini_array_end = .)
                0x0000000008003bb8                _sidata = LOADADDR (.data)

.data           0x0000000020000000       0x10 load address 0x0000000008003bb8
                0x0000000020000000                . = ALIGN (0x4)
                0x0000000020000000                _sdata = .
 *(.data)
 *(.data*)
 .data.uwTickFreq
                0x0000000020000000        0x4 build/stm32g4xx_hal.o
                0x0000000020000000                uwTickFreq
 .data.uwTickPrio
                0x0000000020000004        0x4 build/stm32g4xx_hal.o
                0x0000000020000004                uwTickPrio
 .data.SystemCoreClock
                0x0000000020000008        0x4 build/system_stm32g4xx.o
                0x0000000020000008                SystemCoreClock
 .data.uxCriticalNesting
                0x000000002000000c        0x4 build/port.o
                0x0000000020000010                . = ALIGN (0x4)
                0x0000000020000010                _edata = .

.tm_clone_table
                0x0000000020000010        0x0 load address 0x0000000008003bc8
 .tm_clone_table
                0x0000000020000010        0x0 /usr/lib/gcc/arm-none-eabi/9.2.1/thumb/v7e-m+fp/hard/crtbegin.o
 .tm_clone_table
                0x0000000020000010        0x0 /usr/lib/gcc/arm-none-eabi/9.2.1/thumb/v7e-m+fp/hard/crtend.o

.igot.plt       0x0000000020000010        0x0 load address 0x0000000008003bc8
 .igot.plt      0x0000000020000010        0x0 /usr/lib/gcc/arm-none-eabi/9.2.1/thumb/v7e-m+fp/hard/crtbegin.o
                0x0000000020000010                . = ALIGN (0x4)

.bss            0x0000000020000010      0xebc load address 0x0000000008003bc8
                0x0000000020000010                _sbss = .
                0x0000000020000010                __bss_start__ = _sbss
 *(.bss)
 .bss           0x0000000020000010       0x1c /usr/lib/gcc/arm-none-eabi/9.2.1/thumb/v7e-m+fp/hard/crtbegin.o
 *(.bss*)
 .bss.pxCurrentTCB
                0x000000002000002c        0x4 build/tasks.o
                0x000000002000002c                pxCurrentTCB
 .bss.pxDelayedTaskList
                0x0000000020000030        0x4 build/tasks.o
 .bss.pxOverflowDelayedTaskList
                0x0000000020000034        0x4 build/tasks.o
 .bss.pxReadyTasksLists
                0x0000000020000038       0x8c build/tasks.o
 .bss.uxCurrentNumberOfTasks
                0x00000000200000c4        0x4 build/tasks.o
 .bss.uxDeletedTasksWaitingCleanUp
                0x00000000200000c8        0x4 build/tasks.o
 .bss.uxPendedTicks
                0x00000000200000cc        0x4 build/tasks.o
 .bss.uxSchedulerSuspended
                0x00000000200000d0        0x4 build/tasks.o
 .bss.uxTaskNumber
                0x00000000200000d4        0x4 build/tasks.o
 .bss.uxTopReadyPriority
                0x00000000200000d8        0x4 build/tasks.o
 .bss.xDelayedTaskList1
                0x00000000200000dc       0x14 build/tasks.o
 .bss.xDelayedTaskList2
                0x00000000200000f0       0x14 build/tasks.o
 .bss.xIdleTaskHandle
                0x0000000020000104        0x4 build/tasks.o
 .bss.xNextTaskUnblockTime
                0x0000000020000108        0x4 build/tasks.o
 .bss.xNumOfOverflows
                0x000000002000010c        0x4 build/tasks.o
 .bss.xPendingReadyList
                0x0000000020000110       0x14 build/tasks.o
 .bss.xSchedulerRunning
                0x0000000020000124        0x4 build/tasks.o
 .bss.xSuspendedTaskList
                0x0000000020000128       0x14 build/tasks.o
 .bss.xTasksWaitingTermination
                0x000000002000013c       0x14 build/tasks.o
 .bss.xTickCount
                0x0000000020000150        0x4 build/tasks.o
 .bss.xYieldPending
                0x0000000020000154        0x4 build/tasks.o
 .bss.pxEnd     0x0000000020000158        0x4 build/heap_4.o
 .bss.ucHeap    0x000000002000015c      0xc00 build/heap_4.o
 .bss.xBlockAllocatedBit
                0x0000000020000d5c        0x4 build/heap_4.o
 .bss.xFreeBytesRemaining
                0x0000000020000d60        0x4 build/heap_4.o
 .bss.xMinimumEverFreeBytesRemaining
                0x0000000020000d64        0x4 build/heap_4.o
 .bss.xStart    0x0000000020000d68        0x8 build/heap_4.o
 .bss.ucMaxSysCallPriority
                0x0000000020000d70        0x1 build/port.o
 *fill*         0x0000000020000d71        0x3 
 .bss.ulMaxPRIGROUPValue
                0x0000000020000d74        0x4 build/port.o
 *(COMMON)
 COMMON         0x0000000020000d78       0x28 build/cordic.o
                0x0000000020000d78                hcordic
 COMMON         0x0000000020000da0        0x4 build/app_freertos.o
                0x0000000020000da0                defaultTaskHandle
 COMMON         0x0000000020000da4       0x4c build/i2c.o
                0x0000000020000da4                hi2c2
 COMMON         0x0000000020000df0       0x8c build/usart.o
                0x0000000020000df0                huart2
 COMMON         0x0000000020000e7c       0x4c build/stm32g4xx_hal_timebase_tim.o
                0x0000000020000e7c                htim2
 COMMON         0x0000000020000ec8        0x4 build/stm32g4xx_hal.o
                0x0000000020000ec8                uwTick
                0x0000000020000ecc                . = ALIGN (0x4)
                0x0000000020000ecc                _ebss = .
                0x0000000020000ecc                __bss_end__ = _ebss

._user_heap_stack
                0x0000000020000ecc      0x604 load address 0x0000000008003bc8
                0x0000000020000ed0                . = ALIGN (0x8)
 *fill*         0x0000000020000ecc        0x4 
                [!provide]                        PROVIDE (end = .)
                [!provide]                        PROVIDE (_end = .)
                0x00000000200010d0                . = (. + _Min_Heap_Size)
 *fill*         0x0000000020000ed0      0x200 
                0x00000000200014d0                . = (. + _Min_Stack_Size)
 *fill*         0x00000000200010d0      0x400 
                0x00000000200014d0                . = ALIGN (0x8)

/DISCARD/
 libc.a(*)
 libm.a(*)
 libgcc.a(*)

.ARM.attributes
                0x0000000000000000       0x30
 *(.ARM.attributes)
 .ARM.attributes
                0x0000000000000000       0x1e /usr/lib/gcc/arm-none-eabi/9.2.1/thumb/v7e-m+fp/hard/crti.o
 .ARM.attributes
                0x000000000000001e       0x34 /usr/lib/gcc/arm-none-eabi/9.2.1/thumb/v7e-m+fp/hard/crtbegin.o
 .ARM.attributes
                0x0000000000000052       0x34 build/main.o
 .ARM.attributes
                0x0000000000000086       0x34 build/gpio.o
 .ARM.attributes
                0x00000000000000ba       0x34 build/cordic.o
 .ARM.attributes
                0x00000000000000ee       0x34 build/app_freertos.o
 .ARM.attributes
                0x0000000000000122       0x34 build/i2c.o
 .ARM.attributes
                0x0000000000000156       0x34 build/usart.o
 .ARM.attributes
                0x000000000000018a       0x34 build/stm32g4xx_it.o
 .ARM.attributes
                0x00000000000001be       0x34 build/stm32g4xx_hal_msp.o
 .ARM.attributes
                0x00000000000001f2       0x34 build/stm32g4xx_hal_timebase_tim.o
 .ARM.attributes
                0x0000000000000226       0x34 build/stm32g4xx_hal_gpio.o
 .ARM.attributes
                0x000000000000025a       0x34 build/stm32g4xx_hal_cordic.o
 .ARM.attributes
                0x000000000000028e       0x34 build/stm32g4xx_hal.o
 .ARM.attributes
                0x00000000000002c2       0x34 build/stm32g4xx_hal_rcc.o
 .ARM.attributes
                0x00000000000002f6       0x34 build/stm32g4xx_hal_rcc_ex.o
 .ARM.attributes
                0x000000000000032a       0x34 build/stm32g4xx_hal_pwr_ex.o
 .ARM.attributes
                0x000000000000035e       0x34 build/stm32g4xx_hal_cortex.o
 .ARM.attributes
                0x0000000000000392       0x34 build/stm32g4xx_hal_i2c.o
 .ARM.attributes
                0x00000000000003c6       0x34 build/stm32g4xx_hal_i2c_ex.o
 .ARM.attributes
                0x00000000000003fa       0x34 build/stm32g4xx_hal_tim.o
 .ARM.attributes
                0x000000000000042e       0x34 build/stm32g4xx_hal_tim_ex.o
 .ARM.attributes
                0x0000000000000462       0x34 build/stm32g4xx_hal_uart.o
 .ARM.attributes
                0x0000000000000496       0x34 build/stm32g4xx_hal_uart_ex.o
 .ARM.attributes
                0x00000000000004ca       0x34 build/system_stm32g4xx.o
 .ARM.attributes
                0x00000000000004fe       0x34 build/list.o
 .ARM.attributes
                0x0000000000000532       0x34 build/tasks.o
 .ARM.attributes
                0x0000000000000566       0x34 build/cmsis_os.o
 .ARM.attributes
                0x000000000000059a       0x34 build/heap_4.o
 .ARM.attributes
                0x00000000000005ce       0x34 build/port.o
 .ARM.attributes
                0x0000000000000602       0x21 build/startup_stm32g431xx.o
 .ARM.attributes
                0x0000000000000623       0x34 /usr/lib/gcc/arm-none-eabi/9.2.1/../../../arm-none-eabi/lib/thumb/v7e-m+fp/hard/libc_nano.a(lib_a-init.o)
 .ARM.attributes
                0x0000000000000657       0x34 /usr/lib/gcc/arm-none-eabi/9.2.1/../../../arm-none-eabi/lib/thumb/v7e-m+fp/hard/libc_nano.a(lib_a-memset.o)
 .ARM.attributes
                0x000000000000068b       0x1e /usr/lib/gcc/arm-none-eabi/9.2.1/thumb/v7e-m+fp/hard/libgcc.a(_aeabi_uldivmod.o)
 .ARM.attributes
                0x00000000000006a9       0x34 /usr/lib/gcc/arm-none-eabi/9.2.1/thumb/v7e-m+fp/hard/libgcc.a(_udivmoddi4.o)
 .ARM.attributes
                0x00000000000006dd       0x1e /usr/lib/gcc/arm-none-eabi/9.2.1/thumb/v7e-m+fp/hard/libgcc.a(_dvmd_tls.o)
 .ARM.attributes
                0x00000000000006fb       0x32 /usr/lib/gcc/arm-none-eabi/9.2.1/thumb/v7e-m+fp/hard/crtend.o
 .ARM.attributes
                0x000000000000072d       0x1e /usr/lib/gcc/arm-none-eabi/9.2.1/thumb/v7e-m+fp/hard/crtn.o
OUTPUT(build/AstropiMicro.elf elf32-littlearm)
LOAD linker stubs
LOAD /usr/lib/gcc/arm-none-eabi/9.2.1/../../../arm-none-eabi/lib/thumb/v7e-m+fp/hard/libc.a
LOAD /usr/lib/gcc/arm-none-eabi/9.2.1/../../../arm-none-eabi/lib/thumb/v7e-m+fp/hard/libm.a
LOAD /usr/lib/gcc/arm-none-eabi/9.2.1/thumb/v7e-m+fp/hard/libgcc.a

.comment        0x0000000000000000       0xa7
 .comment       0x0000000000000000       0x59 /usr/lib/gcc/arm-none-eabi/9.2.1/thumb/v7e-m+fp/hard/crtbegin.o
                                         0x5a (size before relaxing)
 .comment       0x0000000000000059       0x5a build/main.o
 .comment       0x0000000000000059       0x5a build/gpio.o
 .comment       0x0000000000000059       0x5a build/cordic.o
 .comment       0x0000000000000059       0x5a build/app_freertos.o
 .comment       0x0000000000000059       0x5a build/i2c.o
 .comment       0x0000000000000059       0x5a build/usart.o
 .comment       0x0000000000000059       0x5a build/stm32g4xx_it.o
 .comment       0x0000000000000059       0x5a build/stm32g4xx_hal_msp.o
 .comment       0x0000000000000059       0x5a build/stm32g4xx_hal_timebase_tim.o
 .comment       0x0000000000000059       0x5a build/stm32g4xx_hal_gpio.o
 .comment       0x0000000000000059       0x5a build/stm32g4xx_hal_cordic.o
 .comment       0x0000000000000059       0x5a build/stm32g4xx_hal.o
 .comment       0x0000000000000059       0x5a build/stm32g4xx_hal_rcc.o
 .comment       0x0000000000000059       0x5a build/stm32g4xx_hal_rcc_ex.o
 .comment       0x0000000000000059       0x5a build/stm32g4xx_hal_pwr_ex.o
 .comment       0x0000000000000059       0x5a build/stm32g4xx_hal_cortex.o
 .comment       0x0000000000000059       0x5a build/stm32g4xx_hal_i2c.o
 .comment       0x0000000000000059       0x5a build/stm32g4xx_hal_i2c_ex.o
 .comment       0x0000000000000059       0x5a build/stm32g4xx_hal_tim.o
 .comment       0x0000000000000059       0x5a build/stm32g4xx_hal_tim_ex.o
 .comment       0x0000000000000059       0x5a build/stm32g4xx_hal_uart.o
 .comment       0x0000000000000059       0x5a build/stm32g4xx_hal_uart_ex.o
 .comment       0x0000000000000059       0x5a build/system_stm32g4xx.o
 .comment       0x0000000000000059       0x5a build/list.o
 .comment       0x0000000000000059       0x5a build/tasks.o
 .comment       0x0000000000000059       0x5a build/cmsis_os.o
 .comment       0x0000000000000059       0x5a build/heap_4.o
 .comment       0x0000000000000059       0x5a build/port.o
 .comment       0x0000000000000059       0x4e /usr/lib/gcc/arm-none-eabi/9.2.1/../../../arm-none-eabi/lib/thumb/v7e-m+fp/hard/libc_nano.a(lib_a-init.o)
                                         0x4f (size before relaxing)
 .comment       0x00000000000000a7       0x4f /usr/lib/gcc/arm-none-eabi/9.2.1/../../../arm-none-eabi/lib/thumb/v7e-m+fp/hard/libc_nano.a(lib_a-memset.o)
 .comment       0x00000000000000a7       0x5a /usr/lib/gcc/arm-none-eabi/9.2.1/thumb/v7e-m+fp/hard/libgcc.a(_udivmoddi4.o)
 .comment       0x00000000000000a7       0x5a /usr/lib/gcc/arm-none-eabi/9.2.1/thumb/v7e-m+fp/hard/crtend.o

.debug_info     0x0000000000000000    0x2700c
 .debug_info    0x0000000000000000     0x17a5 build/main.o
 .debug_info    0x00000000000017a5      0x74c build/gpio.o
 .debug_info    0x0000000000001ef1      0xaea build/cordic.o
 .debug_info    0x00000000000029db      0x436 build/app_freertos.o
 .debug_info    0x0000000000002e11      0xefb build/i2c.o
 .debug_info    0x0000000000003d0c      0xfad build/usart.o
 .debug_info    0x0000000000004cb9      0xb13 build/stm32g4xx_it.o
 .debug_info    0x00000000000057cc      0x944 build/stm32g4xx_hal_msp.o
 .debug_info    0x0000000000006110     0x1111 build/stm32g4xx_hal_timebase_tim.o
 .debug_info    0x0000000000007221      0xae6 build/stm32g4xx_hal_gpio.o
 .debug_info    0x0000000000007d07     0x1027 build/stm32g4xx_hal_cordic.o
 .debug_info    0x0000000000008d2e      0xe3a build/stm32g4xx_hal.o
 .debug_info    0x0000000000009b68     0x1117 build/stm32g4xx_hal_rcc.o
 .debug_info    0x000000000000ac7f     0x1209 build/stm32g4xx_hal_rcc_ex.o
 .debug_info    0x000000000000be88      0xcda build/stm32g4xx_hal_pwr_ex.o
 .debug_info    0x000000000000cb62     0x12cd build/stm32g4xx_hal_cortex.o
 .debug_info    0x000000000000de2f     0x4412 build/stm32g4xx_hal_i2c.o
 .debug_info    0x0000000000012241      0xe29 build/stm32g4xx_hal_i2c_ex.o
 .debug_info    0x000000000001306a     0x4359 build/stm32g4xx_hal_tim.o
 .debug_info    0x00000000000173c3     0x27ce build/stm32g4xx_hal_tim_ex.o
 .debug_info    0x0000000000019b91     0x25f0 build/stm32g4xx_hal_uart.o
 .debug_info    0x000000000001c181      0xfd1 build/stm32g4xx_hal_uart_ex.o
 .debug_info    0x000000000001d152      0x7b8 build/system_stm32g4xx.o
 .debug_info    0x000000000001d90a      0xc8c build/list.o
 .debug_info    0x000000000001e596     0x2fe6 build/tasks.o
 .debug_info    0x000000000002157c     0x28af build/cmsis_os.o
 .debug_info    0x0000000000023e2b      0xe0c build/heap_4.o
 .debug_info    0x0000000000024c37      0x5b0 build/port.o
 .debug_info    0x00000000000251e7       0x22 build/startup_stm32g431xx.o
 .debug_info    0x0000000000025209      0x11a /usr/lib/gcc/arm-none-eabi/9.2.1/../../../arm-none-eabi/lib/thumb/v7e-m+fp/hard/libc_nano.a(lib_a-init.o)
 .debug_info    0x0000000000025323      0xf21 /usr/lib/gcc/arm-none-eabi/9.2.1/../../../arm-none-eabi/lib/thumb/v7e-m+fp/hard/libc_nano.a(lib_a-memset.o)
 .debug_info    0x0000000000026244       0x26 /usr/lib/gcc/arm-none-eabi/9.2.1/thumb/v7e-m+fp/hard/libgcc.a(_aeabi_uldivmod.o)
 .debug_info    0x000000000002626a      0xd7c /usr/lib/gcc/arm-none-eabi/9.2.1/thumb/v7e-m+fp/hard/libgcc.a(_udivmoddi4.o)
 .debug_info    0x0000000000026fe6       0x26 /usr/lib/gcc/arm-none-eabi/9.2.1/thumb/v7e-m+fp/hard/libgcc.a(_dvmd_tls.o)

.debug_abbrev   0x0000000000000000     0x4972
 .debug_abbrev  0x0000000000000000      0x24e build/main.o
 .debug_abbrev  0x000000000000024e      0x17e build/gpio.o
 .debug_abbrev  0x00000000000003cc      0x1ec build/cordic.o
 .debug_abbrev  0x00000000000005b8      0x19d build/app_freertos.o
 .debug_abbrev  0x0000000000000755      0x1fc build/i2c.o
 .debug_abbrev  0x0000000000000951      0x1f1 build/usart.o
 .debug_abbrev  0x0000000000000b42      0x1a5 build/stm32g4xx_it.o
 .debug_abbrev  0x0000000000000ce7      0x190 build/stm32g4xx_hal_msp.o
 .debug_abbrev  0x0000000000000e77      0x22b build/stm32g4xx_hal_timebase_tim.o
 .debug_abbrev  0x00000000000010a2      0x24f build/stm32g4xx_hal_gpio.o
 .debug_abbrev  0x00000000000012f1      0x295 build/stm32g4xx_hal_cordic.o
 .debug_abbrev  0x0000000000001586      0x269 build/stm32g4xx_hal.o
 .debug_abbrev  0x00000000000017ef      0x2ac build/stm32g4xx_hal_rcc.o
 .debug_abbrev  0x0000000000001a9b      0x28f build/stm32g4xx_hal_rcc_ex.o
 .debug_abbrev  0x0000000000001d2a      0x277 build/stm32g4xx_hal_pwr_ex.o
 .debug_abbrev  0x0000000000001fa1      0x39f build/stm32g4xx_hal_cortex.o
 .debug_abbrev  0x0000000000002340      0x2e8 build/stm32g4xx_hal_i2c.o
 .debug_abbrev  0x0000000000002628      0x1e2 build/stm32g4xx_hal_i2c_ex.o
 .debug_abbrev  0x000000000000280a      0x2be build/stm32g4xx_hal_tim.o
 .debug_abbrev  0x0000000000002ac8      0x2ba build/stm32g4xx_hal_tim_ex.o
 .debug_abbrev  0x0000000000002d82      0x2ac build/stm32g4xx_hal_uart.o
 .debug_abbrev  0x000000000000302e      0x28d build/stm32g4xx_hal_uart_ex.o
 .debug_abbrev  0x00000000000032bb      0x16a build/system_stm32g4xx.o
 .debug_abbrev  0x0000000000003425      0x245 build/list.o
 .debug_abbrev  0x000000000000366a      0x439 build/tasks.o
 .debug_abbrev  0x0000000000003aa3      0x437 build/cmsis_os.o
 .debug_abbrev  0x0000000000003eda      0x36d build/heap_4.o
 .debug_abbrev  0x0000000000004247      0x28a build/port.o
 .debug_abbrev  0x00000000000044d1       0x12 build/startup_stm32g431xx.o
 .debug_abbrev  0x00000000000044e3       0xcc /usr/lib/gcc/arm-none-eabi/9.2.1/../../../arm-none-eabi/lib/thumb/v7e-m+fp/hard/libc_nano.a(lib_a-init.o)
 .debug_abbrev  0x00000000000045af      0x1d9 /usr/lib/gcc/arm-none-eabi/9.2.1/../../../arm-none-eabi/lib/thumb/v7e-m+fp/hard/libc_nano.a(lib_a-memset.o)
 .debug_abbrev  0x0000000000004788       0x14 /usr/lib/gcc/arm-none-eabi/9.2.1/thumb/v7e-m+fp/hard/libgcc.a(_aeabi_uldivmod.o)
 .debug_abbrev  0x000000000000479c      0x1c2 /usr/lib/gcc/arm-none-eabi/9.2.1/thumb/v7e-m+fp/hard/libgcc.a(_udivmoddi4.o)
 .debug_abbrev  0x000000000000495e       0x14 /usr/lib/gcc/arm-none-eabi/9.2.1/thumb/v7e-m+fp/hard/libgcc.a(_dvmd_tls.o)

.debug_loc      0x0000000000000000    0x1a0af
 .debug_loc     0x0000000000000000       0xbb build/main.o
 .debug_loc     0x00000000000000bb       0x38 build/gpio.o
 .debug_loc     0x00000000000000f3       0x4c build/cordic.o
 .debug_loc     0x000000000000013f       0x7d build/app_freertos.o
 .debug_loc     0x00000000000001bc      0x108 build/i2c.o
 .debug_loc     0x00000000000002c4      0x108 build/usart.o
 .debug_loc     0x00000000000003cc       0x20 build/stm32g4xx_it.o
 .debug_loc     0x00000000000003ec       0x38 build/stm32g4xx_hal_msp.o
 .debug_loc     0x0000000000000424       0xcd build/stm32g4xx_hal_timebase_tim.o
 .debug_loc     0x00000000000004f1      0x3bc build/stm32g4xx_hal_gpio.o
 .debug_loc     0x00000000000008ad      0xcbc build/stm32g4xx_hal_cordic.o
 .debug_loc     0x0000000000001569      0x2af build/stm32g4xx_hal.o
 .debug_loc     0x0000000000001818      0x916 build/stm32g4xx_hal_rcc.o
 .debug_loc     0x000000000000212e     0x12f1 build/stm32g4xx_hal_rcc_ex.o
 .debug_loc     0x000000000000341f      0xa26 build/stm32g4xx_hal_pwr_ex.o
 .debug_loc     0x0000000000003e45      0x7c6 build/stm32g4xx_hal_cortex.o
 .debug_loc     0x000000000000460b     0x5085 build/stm32g4xx_hal_i2c.o
 .debug_loc     0x0000000000009690      0x25a build/stm32g4xx_hal_i2c_ex.o
 .debug_loc     0x00000000000098ea     0x5a00 build/stm32g4xx_hal_tim.o
 .debug_loc     0x000000000000f2ea     0x2c82 build/stm32g4xx_hal_tim_ex.o
 .debug_loc     0x0000000000011f6c     0x2504 build/stm32g4xx_hal_uart.o
 .debug_loc     0x0000000000014470      0x6b8 build/stm32g4xx_hal_uart_ex.o
 .debug_loc     0x0000000000014b28       0x90 build/system_stm32g4xx.o
 .debug_loc     0x0000000000014bb8       0xe5 build/list.o
 .debug_loc     0x0000000000014c9d     0x22c2 build/tasks.o
 .debug_loc     0x0000000000016f5f     0x194e build/cmsis_os.o
 .debug_loc     0x00000000000188ad      0x3b5 build/heap_4.o
 .debug_loc     0x0000000000018c62      0x1c0 build/port.o
 .debug_loc     0x0000000000018e22       0xba /usr/lib/gcc/arm-none-eabi/9.2.1/../../../arm-none-eabi/lib/thumb/v7e-m+fp/hard/libc_nano.a(lib_a-init.o)
 .debug_loc     0x0000000000018edc      0x231 /usr/lib/gcc/arm-none-eabi/9.2.1/../../../arm-none-eabi/lib/thumb/v7e-m+fp/hard/libc_nano.a(lib_a-memset.o)
 .debug_loc     0x000000000001910d      0xfa2 /usr/lib/gcc/arm-none-eabi/9.2.1/thumb/v7e-m+fp/hard/libgcc.a(_udivmoddi4.o)

.debug_aranges  0x0000000000000000     0x1828
 .debug_aranges
                0x0000000000000000       0x38 build/main.o
 .debug_aranges
                0x0000000000000038       0x20 build/gpio.o
 .debug_aranges
                0x0000000000000058       0x30 build/cordic.o
 .debug_aranges
                0x0000000000000088       0x28 build/app_freertos.o
 .debug_aranges
                0x00000000000000b0       0x30 build/i2c.o
 .debug_aranges
                0x00000000000000e0       0x30 build/usart.o
 .debug_aranges
                0x0000000000000110       0x50 build/stm32g4xx_it.o
 .debug_aranges
                0x0000000000000160       0x20 build/stm32g4xx_hal_msp.o
 .debug_aranges
                0x0000000000000180       0x30 build/stm32g4xx_hal_timebase_tim.o
 .debug_aranges
                0x00000000000001b0       0x58 build/stm32g4xx_hal_gpio.o
 .debug_aranges
                0x0000000000000208       0xb0 build/stm32g4xx_hal_cordic.o
 .debug_aranges
                0x00000000000002b8      0x130 build/stm32g4xx_hal.o
 .debug_aranges
                0x00000000000003e8       0x98 build/stm32g4xx_hal_rcc.o
 .debug_aranges
                0x0000000000000480       0xb0 build/stm32g4xx_hal_rcc_ex.o
 .debug_aranges
                0x0000000000000530      0x140 build/stm32g4xx_hal_pwr_ex.o
 .debug_aranges
                0x0000000000000670       0xa8 build/stm32g4xx_hal_cortex.o
 .debug_aranges
                0x0000000000000718      0x290 build/stm32g4xx_hal_i2c.o
 .debug_aranges
                0x00000000000009a8       0x48 build/stm32g4xx_hal_i2c_ex.o
 .debug_aranges
                0x00000000000009f0      0x3e0 build/stm32g4xx_hal_tim.o
 .debug_aranges
                0x0000000000000dd0      0x240 build/stm32g4xx_hal_tim_ex.o
 .debug_aranges
                0x0000000000001010      0x218 build/stm32g4xx_hal_uart.o
 .debug_aranges
                0x0000000000001228       0x88 build/stm32g4xx_hal_uart_ex.o
 .debug_aranges
                0x00000000000012b0       0x28 build/system_stm32g4xx.o
 .debug_aranges
                0x00000000000012d8       0x40 build/list.o
 .debug_aranges
                0x0000000000001318      0x1a0 build/tasks.o
 .debug_aranges
                0x00000000000014b8      0x1d8 build/cmsis_os.o
 .debug_aranges
                0x0000000000001690       0x50 build/heap_4.o
 .debug_aranges
                0x00000000000016e0       0x80 build/port.o
 .debug_aranges
                0x0000000000001760       0x28 build/startup_stm32g431xx.o
 .debug_aranges
                0x0000000000001788       0x20 /usr/lib/gcc/arm-none-eabi/9.2.1/../../../arm-none-eabi/lib/thumb/v7e-m+fp/hard/libc_nano.a(lib_a-init.o)
 .debug_aranges
                0x00000000000017a8       0x20 /usr/lib/gcc/arm-none-eabi/9.2.1/../../../arm-none-eabi/lib/thumb/v7e-m+fp/hard/libc_nano.a(lib_a-memset.o)
 .debug_aranges
                0x00000000000017c8       0x20 /usr/lib/gcc/arm-none-eabi/9.2.1/thumb/v7e-m+fp/hard/libgcc.a(_aeabi_uldivmod.o)
 .debug_aranges
                0x00000000000017e8       0x20 /usr/lib/gcc/arm-none-eabi/9.2.1/thumb/v7e-m+fp/hard/libgcc.a(_udivmoddi4.o)
 .debug_aranges
                0x0000000000001808       0x20 /usr/lib/gcc/arm-none-eabi/9.2.1/thumb/v7e-m+fp/hard/libgcc.a(_dvmd_tls.o)

.debug_ranges   0x0000000000000000     0x17d8
 .debug_ranges  0x0000000000000000       0x28 build/main.o
 .debug_ranges  0x0000000000000028       0x10 build/gpio.o
 .debug_ranges  0x0000000000000038       0x20 build/cordic.o
 .debug_ranges  0x0000000000000058       0x18 build/app_freertos.o
 .debug_ranges  0x0000000000000070       0x20 build/i2c.o
 .debug_ranges  0x0000000000000090       0x20 build/usart.o
 .debug_ranges  0x00000000000000b0       0x40 build/stm32g4xx_it.o
 .debug_ranges  0x00000000000000f0       0x10 build/stm32g4xx_hal_msp.o
 .debug_ranges  0x0000000000000100       0x20 build/stm32g4xx_hal_timebase_tim.o
 .debug_ranges  0x0000000000000120       0x48 build/stm32g4xx_hal_gpio.o
 .debug_ranges  0x0000000000000168       0xa0 build/stm32g4xx_hal_cordic.o
 .debug_ranges  0x0000000000000208      0x120 build/stm32g4xx_hal.o
 .debug_ranges  0x0000000000000328       0xa0 build/stm32g4xx_hal_rcc.o
 .debug_ranges  0x00000000000003c8       0xb8 build/stm32g4xx_hal_rcc_ex.o
 .debug_ranges  0x0000000000000480      0x130 build/stm32g4xx_hal_pwr_ex.o
 .debug_ranges  0x00000000000005b0       0xf8 build/stm32g4xx_hal_cortex.o
 .debug_ranges  0x00000000000006a8      0x280 build/stm32g4xx_hal_i2c.o
 .debug_ranges  0x0000000000000928       0x38 build/stm32g4xx_hal_i2c_ex.o
 .debug_ranges  0x0000000000000960      0x3d0 build/stm32g4xx_hal_tim.o
 .debug_ranges  0x0000000000000d30      0x230 build/stm32g4xx_hal_tim_ex.o
 .debug_ranges  0x0000000000000f60      0x208 build/stm32g4xx_hal_uart.o
 .debug_ranges  0x0000000000001168       0x78 build/stm32g4xx_hal_uart_ex.o
 .debug_ranges  0x00000000000011e0       0x18 build/system_stm32g4xx.o
 .debug_ranges  0x00000000000011f8       0x30 build/list.o
 .debug_ranges  0x0000000000001228      0x238 build/tasks.o
 .debug_ranges  0x0000000000001460      0x1c8 build/cmsis_os.o
 .debug_ranges  0x0000000000001628       0x40 build/heap_4.o
 .debug_ranges  0x0000000000001668       0x88 build/port.o
 .debug_ranges  0x00000000000016f0       0x20 build/startup_stm32g431xx.o
 .debug_ranges  0x0000000000001710       0xc8 /usr/lib/gcc/arm-none-eabi/9.2.1/thumb/v7e-m+fp/hard/libgcc.a(_udivmoddi4.o)

.debug_line     0x0000000000000000    0x199ad
 .debug_line    0x0000000000000000      0x3af build/main.o
 .debug_line    0x00000000000003af      0x1d3 build/gpio.o
 .debug_line    0x0000000000000582      0x207 build/cordic.o
 .debug_line    0x0000000000000789      0x20f build/app_freertos.o
 .debug_line    0x0000000000000998      0x2d3 build/i2c.o
 .debug_line    0x0000000000000c6b      0x2f4 build/usart.o
 .debug_line    0x0000000000000f5f      0x242 build/stm32g4xx_it.o
 .debug_line    0x00000000000011a1      0x1ac build/stm32g4xx_hal_msp.o
 .debug_line    0x000000000000134d      0x259 build/stm32g4xx_hal_timebase_tim.o
 .debug_line    0x00000000000015a6      0x65a build/stm32g4xx_hal_gpio.o
 .debug_line    0x0000000000001c00      0x9ba build/stm32g4xx_hal_cordic.o
 .debug_line    0x00000000000025ba      0x60d build/stm32g4xx_hal.o
 .debug_line    0x0000000000002bc7      0xd70 build/stm32g4xx_hal_rcc.o
 .debug_line    0x0000000000003937     0x1020 build/stm32g4xx_hal_rcc_ex.o
 .debug_line    0x0000000000004957      0xa0e build/stm32g4xx_hal_pwr_ex.o
 .debug_line    0x0000000000005365      0x728 build/stm32g4xx_hal_cortex.o
 .debug_line    0x0000000000005a8d     0x4850 build/stm32g4xx_hal_i2c.o
 .debug_line    0x000000000000a2dd      0x491 build/stm32g4xx_hal_i2c_ex.o
 .debug_line    0x000000000000a76e     0x4dad build/stm32g4xx_hal_tim.o
 .debug_line    0x000000000000f51b     0x23a9 build/stm32g4xx_hal_tim_ex.o
 .debug_line    0x00000000000118c4     0x2a67 build/stm32g4xx_hal_uart.o
 .debug_line    0x000000000001432b      0x737 build/stm32g4xx_hal_uart_ex.o
 .debug_line    0x0000000000014a62      0x21a build/system_stm32g4xx.o
 .debug_line    0x0000000000014c7c      0x34c build/list.o
 .debug_line    0x0000000000014fc8     0x2213 build/tasks.o
 .debug_line    0x00000000000171db     0x10d3 build/cmsis_os.o
 .debug_line    0x00000000000182ae      0x5ca build/heap_4.o
 .debug_line    0x0000000000018878      0x66c build/port.o
 .debug_line    0x0000000000018ee4       0x77 build/startup_stm32g431xx.o
 .debug_line    0x0000000000018f5b      0x10d /usr/lib/gcc/arm-none-eabi/9.2.1/../../../arm-none-eabi/lib/thumb/v7e-m+fp/hard/libc_nano.a(lib_a-init.o)
 .debug_line    0x0000000000019068      0x26b /usr/lib/gcc/arm-none-eabi/9.2.1/../../../arm-none-eabi/lib/thumb/v7e-m+fp/hard/libc_nano.a(lib_a-memset.o)
 .debug_line    0x00000000000192d3       0x60 /usr/lib/gcc/arm-none-eabi/9.2.1/thumb/v7e-m+fp/hard/libgcc.a(_aeabi_uldivmod.o)
 .debug_line    0x0000000000019333      0x61a /usr/lib/gcc/arm-none-eabi/9.2.1/thumb/v7e-m+fp/hard/libgcc.a(_udivmoddi4.o)
 .debug_line    0x000000000001994d       0x60 /usr/lib/gcc/arm-none-eabi/9.2.1/thumb/v7e-m+fp/hard/libgcc.a(_dvmd_tls.o)

.debug_str      0x0000000000000000     0x924b
 .debug_str     0x0000000000000000     0x11dd build/main.o
                                       0x131c (size before relaxing)
 .debug_str     0x00000000000011dd      0x1cb build/gpio.o
                                        0x579 (size before relaxing)
 .debug_str     0x00000000000013a8       0x52 build/cordic.o
                                        0x907 (size before relaxing)
 .debug_str     0x00000000000013fa      0x16d build/app_freertos.o
                                        0x51f (size before relaxing)
 .debug_str     0x0000000000001567       0x8e build/i2c.o
                                        0xb81 (size before relaxing)
 .debug_str     0x00000000000015f5       0xa0 build/usart.o
                                        0xb1c (size before relaxing)
 .debug_str     0x0000000000001695       0xa1 build/stm32g4xx_it.o
                                        0xa01 (size before relaxing)
 .debug_str     0x0000000000001736      0x515 build/stm32g4xx_hal_msp.o
                                        0x9f2 (size before relaxing)
 .debug_str     0x0000000000001c4b       0xf1 build/stm32g4xx_hal_timebase_tim.o
                                       0x1099 (size before relaxing)
 .debug_str     0x0000000000001d3c      0x17d build/stm32g4xx_hal_gpio.o
                                        0x72e (size before relaxing)
 .debug_str     0x0000000000001eb9      0x287 build/stm32g4xx_hal_cordic.o
                                        0xa32 (size before relaxing)
 .debug_str     0x0000000000002140      0x3c1 build/stm32g4xx_hal.o
                                        0xe02 (size before relaxing)
 .debug_str     0x0000000000002501      0x20f build/stm32g4xx_hal_rcc.o
                                        0x9c2 (size before relaxing)
 .debug_str     0x0000000000002710      0x372 build/stm32g4xx_hal_rcc_ex.o
                                        0xc04 (size before relaxing)
 .debug_str     0x0000000000002a82      0x4f8 build/stm32g4xx_hal_pwr_ex.o
                                        0x9bd (size before relaxing)
 .debug_str     0x0000000000002f7a      0x42e build/stm32g4xx_hal_cortex.o
                                        0xd5e (size before relaxing)
 .debug_str     0x00000000000033a8      0x879 build/stm32g4xx_hal_i2c.o
                                       0x1224 (size before relaxing)
 .debug_str     0x0000000000003c21       0xb5 build/stm32g4xx_hal_i2c_ex.o
                                        0xb9f (size before relaxing)
 .debug_str     0x0000000000003cd6      0xf5e build/stm32g4xx_hal_tim.o
                                       0x1a16 (size before relaxing)
 .debug_str     0x0000000000004c34      0x9d0 build/stm32g4xx_hal_tim_ex.o
                                       0x16a7 (size before relaxing)
 .debug_str     0x0000000000005604      0x792 build/stm32g4xx_hal_uart.o
                                       0x1262 (size before relaxing)
 .debug_str     0x0000000000005d96      0x1cd build/stm32g4xx_hal_uart_ex.o
                                        0xbaf (size before relaxing)
 .debug_str     0x0000000000005f63       0x38 build/system_stm32g4xx.o
                                        0x57d (size before relaxing)
 .debug_str     0x0000000000005f9b      0x4f9 build/list.o
                                        0x6f5 (size before relaxing)
 .debug_str     0x0000000000006494      0xb8e build/tasks.o
                                       0x126d (size before relaxing)
 .debug_str     0x0000000000007022      0x7f6 build/cmsis_os.o
                                       0x11dc (size before relaxing)
 .debug_str     0x0000000000007818      0x1de build/heap_4.o
                                        0x7d4 (size before relaxing)
 .debug_str     0x00000000000079f6      0x17d build/port.o
                                        0x46e (size before relaxing)
 .debug_str     0x0000000000007b73       0x22 build/startup_stm32g431xx.o
                                         0x4b (size before relaxing)
 .debug_str     0x0000000000007b95      0x187 /usr/lib/gcc/arm-none-eabi/9.2.1/../../../arm-none-eabi/lib/thumb/v7e-m+fp/hard/libc_nano.a(lib_a-init.o)
                                        0x229 (size before relaxing)
 .debug_str     0x0000000000007d1c      0x387 /usr/lib/gcc/arm-none-eabi/9.2.1/../../../arm-none-eabi/lib/thumb/v7e-m+fp/hard/libc_nano.a(lib_a-memset.o)
                                        0x90f (size before relaxing)
 .debug_str     0x00000000000080a3       0x97 /usr/lib/gcc/arm-none-eabi/9.2.1/thumb/v7e-m+fp/hard/libgcc.a(_aeabi_uldivmod.o)
                                         0xa3 (size before relaxing)
 .debug_str     0x000000000000813a     0x10e1 /usr/lib/gcc/arm-none-eabi/9.2.1/thumb/v7e-m+fp/hard/libgcc.a(_udivmoddi4.o)
                                       0x11e6 (size before relaxing)
 .debug_str     0x000000000000921b       0x30 /usr/lib/gcc/arm-none-eabi/9.2.1/thumb/v7e-m+fp/hard/libgcc.a(_dvmd_tls.o)
                                         0xa7 (size before relaxing)

.debug_frame    0x0000000000000000     0x3f6c
 .debug_frame   0x0000000000000000       0x70 build/main.o
 .debug_frame   0x0000000000000070       0x30 build/gpio.o
 .debug_frame   0x00000000000000a0       0x50 build/cordic.o
 .debug_frame   0x00000000000000f0       0x48 build/app_freertos.o
 .debug_frame   0x0000000000000138       0x60 build/i2c.o
 .debug_frame   0x0000000000000198       0x60 build/usart.o
 .debug_frame   0x00000000000001f8       0x88 build/stm32g4xx_it.o
 .debug_frame   0x0000000000000280       0x2c build/stm32g4xx_hal_msp.o
 .debug_frame   0x00000000000002ac       0x50 build/stm32g4xx_hal_timebase_tim.o
 .debug_frame   0x00000000000002fc       0xd0 build/stm32g4xx_hal_gpio.o
 .debug_frame   0x00000000000003cc      0x1d8 build/stm32g4xx_hal_cordic.o
 .debug_frame   0x00000000000005a4      0x274 build/stm32g4xx_hal.o
 .debug_frame   0x0000000000000818      0x198 build/stm32g4xx_hal_rcc.o
 .debug_frame   0x00000000000009b0      0x1a0 build/stm32g4xx_hal_rcc_ex.o
 .debug_frame   0x0000000000000b50      0x268 build/stm32g4xx_hal_pwr_ex.o
 .debug_frame   0x0000000000000db8      0x15c build/stm32g4xx_hal_cortex.o
 .debug_frame   0x0000000000000f14      0x948 build/stm32g4xx_hal_i2c.o
 .debug_frame   0x000000000000185c       0x80 build/stm32g4xx_hal_i2c_ex.o
 .debug_frame   0x00000000000018dc      0xb5c build/stm32g4xx_hal_tim.o
 .debug_frame   0x0000000000002438      0x624 build/stm32g4xx_hal_tim_ex.o
 .debug_frame   0x0000000000002a5c      0x5f4 build/stm32g4xx_hal_uart.o
 .debug_frame   0x0000000000003050      0x15c build/stm32g4xx_hal_uart_ex.o
 .debug_frame   0x00000000000031ac       0x30 build/system_stm32g4xx.o
 .debug_frame   0x00000000000031dc       0x70 build/list.o
 .debug_frame   0x000000000000324c      0x528 build/tasks.o
 .debug_frame   0x0000000000003774      0x57c build/cmsis_os.o
 .debug_frame   0x0000000000003cf0       0xac build/heap_4.o
 .debug_frame   0x0000000000003d9c      0x10c build/port.o
 .debug_frame   0x0000000000003ea8       0x2c /usr/lib/gcc/arm-none-eabi/9.2.1/../../../arm-none-eabi/lib/thumb/v7e-m+fp/hard/libc_nano.a(lib_a-init.o)
 .debug_frame   0x0000000000003ed4       0x38 /usr/lib/gcc/arm-none-eabi/9.2.1/../../../arm-none-eabi/lib/thumb/v7e-m+fp/hard/libc_nano.a(lib_a-memset.o)
 .debug_frame   0x0000000000003f0c       0x2c /usr/lib/gcc/arm-none-eabi/9.2.1/thumb/v7e-m+fp/hard/libgcc.a(_aeabi_uldivmod.o)
 .debug_frame   0x0000000000003f38       0x34 /usr/lib/gcc/arm-none-eabi/9.2.1/thumb/v7e-m+fp/hard/libgcc.a(_udivmoddi4.o)

Cross Reference Table

Symbol                                            File
ADC1_2_IRQHandler                                 build/startup_stm32g431xx.o
AHBPrescTable                                     build/system_stm32g4xx.o
                                                  build/stm32g4xx_hal_rcc.o
APBPrescTable                                     build/system_stm32g4xx.o
                                                  build/stm32g4xx_hal_rcc.o
BusFault_Handler                                  build/stm32g4xx_it.o
COMP1_2_3_IRQHandler                              build/startup_stm32g431xx.o
COMP4_IRQHandler                                  build/startup_stm32g431xx.o
CORDIC_IRQHandler                                 build/startup_stm32g431xx.o
CRS_IRQHandler                                    build/startup_stm32g431xx.o
DMA1_Channel1_IRQHandler                          build/startup_stm32g431xx.o
DMA1_Channel2_IRQHandler                          build/startup_stm32g431xx.o
DMA1_Channel3_IRQHandler                          build/startup_stm32g431xx.o
DMA1_Channel4_IRQHandler                          build/startup_stm32g431xx.o
DMA1_Channel5_IRQHandler                          build/startup_stm32g431xx.o
DMA1_Channel6_IRQHandler                          build/startup_stm32g431xx.o
DMA2_Channel1_IRQHandler                          build/startup_stm32g431xx.o
DMA2_Channel2_IRQHandler                          build/startup_stm32g431xx.o
DMA2_Channel3_IRQHandler                          build/startup_stm32g431xx.o
DMA2_Channel4_IRQHandler                          build/startup_stm32g431xx.o
DMA2_Channel5_IRQHandler                          build/startup_stm32g431xx.o
DMA2_Channel6_IRQHandler                          build/startup_stm32g431xx.o
DMAMUX_OVR_IRQHandler                             build/startup_stm32g431xx.o
DebugMon_Handler                                  build/stm32g4xx_it.o
Default_Handler                                   build/startup_stm32g431xx.o
EXTI0_IRQHandler                                  build/startup_stm32g431xx.o
EXTI15_10_IRQHandler                              build/startup_stm32g431xx.o
EXTI1_IRQHandler                                  build/startup_stm32g431xx.o
EXTI2_IRQHandler                                  build/startup_stm32g431xx.o
EXTI3_IRQHandler                                  build/startup_stm32g431xx.o
EXTI4_IRQHandler                                  build/startup_stm32g431xx.o
EXTI9_5_IRQHandler                                build/startup_stm32g431xx.o
Error_Handler                                     build/main.o
                                                  build/usart.o
                                                  build/i2c.o
                                                  build/cordic.o
FDCAN1_IT0_IRQHandler                             build/startup_stm32g431xx.o
FDCAN1_IT1_IRQHandler                             build/startup_stm32g431xx.o
FLASH_FlushCaches                                 build/stm32g4xx_hal_flash_ex.o
                                                  build/stm32g4xx_hal_flash.o
FLASH_IRQHandler                                  build/startup_stm32g431xx.o
FLASH_PageErase                                   build/stm32g4xx_hal_flash_ex.o
                                                  build/stm32g4xx_hal_flash.o
FLASH_WaitForLastOperation                        build/stm32g4xx_hal_flash.o
                                                  build/stm32g4xx_hal_flash_ex.o
FMAC_IRQHandler                                   build/startup_stm32g431xx.o
FPU_IRQHandler                                    build/startup_stm32g431xx.o
HAL_CORDIC_Calculate                              build/stm32g4xx_hal_cordic.o
HAL_CORDIC_CalculateCpltCallback                  build/stm32g4xx_hal_cordic.o
HAL_CORDIC_CalculateZO                            build/stm32g4xx_hal_cordic.o
HAL_CORDIC_Calculate_DMA                          build/stm32g4xx_hal_cordic.o
HAL_CORDIC_Calculate_IT                           build/stm32g4xx_hal_cordic.o
HAL_CORDIC_Configure                              build/stm32g4xx_hal_cordic.o
HAL_CORDIC_DeInit                                 build/stm32g4xx_hal_cordic.o
HAL_CORDIC_ErrorCallback                          build/stm32g4xx_hal_cordic.o
HAL_CORDIC_GetError                               build/stm32g4xx_hal_cordic.o
HAL_CORDIC_GetState                               build/stm32g4xx_hal_cordic.o
HAL_CORDIC_IRQHandler                             build/stm32g4xx_hal_cordic.o
HAL_CORDIC_Init                                   build/stm32g4xx_hal_cordic.o
                                                  build/cordic.o
HAL_CORDIC_MspDeInit                              build/cordic.o
HAL_CORDIC_MspInit                                build/cordic.o
HAL_DBGMCU_DisableDBGSleepMode                    build/stm32g4xx_hal.o
HAL_DBGMCU_DisableDBGStandbyMode                  build/stm32g4xx_hal.o
HAL_DBGMCU_DisableDBGStopMode                     build/stm32g4xx_hal.o
HAL_DBGMCU_EnableDBGSleepMode                     build/stm32g4xx_hal.o
HAL_DBGMCU_EnableDBGStandbyMode                   build/stm32g4xx_hal.o
HAL_DBGMCU_EnableDBGStopMode                      build/stm32g4xx_hal.o
HAL_DMAEx_ConfigMuxRequestGenerator               build/stm32g4xx_hal_dma_ex.o
HAL_DMAEx_ConfigMuxSync                           build/stm32g4xx_hal_dma_ex.o
HAL_DMAEx_DisableMuxRequestGenerator              build/stm32g4xx_hal_dma_ex.o
HAL_DMAEx_EnableMuxRequestGenerator               build/stm32g4xx_hal_dma_ex.o
HAL_DMAEx_MUX_IRQHandler                          build/stm32g4xx_hal_dma_ex.o
HAL_DMA_Abort                                     build/stm32g4xx_hal_dma.o
                                                  build/stm32g4xx_hal_uart.o
HAL_DMA_Abort_IT                                  build/stm32g4xx_hal_dma.o
                                                  build/stm32g4xx_hal_uart.o
                                                  build/stm32g4xx_hal_tim_ex.o
                                                  build/stm32g4xx_hal_tim.o
                                                  build/stm32g4xx_hal_i2c.o
HAL_DMA_DeInit                                    build/stm32g4xx_hal_dma.o
HAL_DMA_GetError                                  build/stm32g4xx_hal_dma.o
                                                  build/stm32g4xx_hal_uart.o
HAL_DMA_GetState                                  build/stm32g4xx_hal_dma.o
                                                  build/stm32g4xx_hal_i2c.o
HAL_DMA_IRQHandler                                build/stm32g4xx_hal_dma.o
HAL_DMA_Init                                      build/stm32g4xx_hal_dma.o
HAL_DMA_PollForTransfer                           build/stm32g4xx_hal_dma.o
HAL_DMA_RegisterCallback                          build/stm32g4xx_hal_dma.o
HAL_DMA_Start                                     build/stm32g4xx_hal_dma.o
HAL_DMA_Start_IT                                  build/stm32g4xx_hal_dma.o
                                                  build/stm32g4xx_hal_uart.o
                                                  build/stm32g4xx_hal_tim_ex.o
                                                  build/stm32g4xx_hal_tim.o
                                                  build/stm32g4xx_hal_i2c.o
                                                  build/stm32g4xx_hal_cordic.o
HAL_DMA_UnRegisterCallback                        build/stm32g4xx_hal_dma.o
HAL_DeInit                                        build/stm32g4xx_hal.o
HAL_Delay                                         build/stm32g4xx_hal.o
HAL_EXTI_ClearConfigLine                          build/stm32g4xx_hal_exti.o
HAL_EXTI_ClearPending                             build/stm32g4xx_hal_exti.o
HAL_EXTI_GenerateSWI                              build/stm32g4xx_hal_exti.o
HAL_EXTI_GetConfigLine                            build/stm32g4xx_hal_exti.o
HAL_EXTI_GetHandle                                build/stm32g4xx_hal_exti.o
HAL_EXTI_GetPending                               build/stm32g4xx_hal_exti.o
HAL_EXTI_IRQHandler                               build/stm32g4xx_hal_exti.o
HAL_EXTI_RegisterCallback                         build/stm32g4xx_hal_exti.o
HAL_EXTI_SetConfigLine                            build/stm32g4xx_hal_exti.o
HAL_FLASHEx_DisableDebugger                       build/stm32g4xx_hal_flash_ex.o
HAL_FLASHEx_DisableRunPowerDown                   build/stm32g4xx_hal_flash_ramfunc.o
HAL_FLASHEx_EnableDebugger                        build/stm32g4xx_hal_flash_ex.o
HAL_FLASHEx_EnableRunPowerDown                    build/stm32g4xx_hal_flash_ramfunc.o
HAL_FLASHEx_EnableSecMemProtection                build/stm32g4xx_hal_flash_ex.o
HAL_FLASHEx_Erase                                 build/stm32g4xx_hal_flash_ex.o
HAL_FLASHEx_Erase_IT                              build/stm32g4xx_hal_flash_ex.o
HAL_FLASHEx_OBGetConfig                           build/stm32g4xx_hal_flash_ex.o
HAL_FLASHEx_OBProgram                             build/stm32g4xx_hal_flash_ex.o
HAL_FLASH_EndOfOperationCallback                  build/stm32g4xx_hal_flash.o
HAL_FLASH_GetError                                build/stm32g4xx_hal_flash.o
HAL_FLASH_IRQHandler                              build/stm32g4xx_hal_flash.o
HAL_FLASH_Lock                                    build/stm32g4xx_hal_flash.o
HAL_FLASH_OB_Launch                               build/stm32g4xx_hal_flash.o
HAL_FLASH_OB_Lock                                 build/stm32g4xx_hal_flash.o
HAL_FLASH_OB_Unlock                               build/stm32g4xx_hal_flash.o
HAL_FLASH_OperationErrorCallback                  build/stm32g4xx_hal_flash.o
HAL_FLASH_Program                                 build/stm32g4xx_hal_flash.o
HAL_FLASH_Program_IT                              build/stm32g4xx_hal_flash.o
HAL_FLASH_Unlock                                  build/stm32g4xx_hal_flash.o
HAL_GPIO_DeInit                                   build/stm32g4xx_hal_gpio.o
                                                  build/usart.o
                                                  build/i2c.o
HAL_GPIO_EXTI_Callback                            build/stm32g4xx_hal_gpio.o
HAL_GPIO_EXTI_IRQHandler                          build/stm32g4xx_hal_gpio.o
HAL_GPIO_Init                                     build/stm32g4xx_hal_gpio.o
                                                  build/stm32g4xx_hal_rcc_ex.o
                                                  build/stm32g4xx_hal_rcc.o
                                                  build/usart.o
                                                  build/i2c.o
                                                  build/gpio.o
HAL_GPIO_LockPin                                  build/stm32g4xx_hal_gpio.o
HAL_GPIO_ReadPin                                  build/stm32g4xx_hal_gpio.o
HAL_GPIO_TogglePin                                build/stm32g4xx_hal_gpio.o
HAL_GPIO_WritePin                                 build/stm32g4xx_hal_gpio.o
HAL_GetDEVID                                      build/stm32g4xx_hal.o
HAL_GetHalVersion                                 build/stm32g4xx_hal.o
HAL_GetREVID                                      build/stm32g4xx_hal.o
HAL_GetTick                                       build/stm32g4xx_hal.o
                                                  build/stm32g4xx_hal_uart_ex.o
                                                  build/stm32g4xx_hal_uart.o
                                                  build/stm32g4xx_hal_tim_ex.o
                                                  build/stm32g4xx_hal_i2c.o
                                                  build/stm32g4xx_hal_dma.o
                                                  build/stm32g4xx_hal_flash.o
                                                  build/stm32g4xx_hal_rcc_ex.o
                                                  build/stm32g4xx_hal_rcc.o
                                                  build/stm32g4xx_hal_cordic.o
HAL_GetTickFreq                                   build/stm32g4xx_hal.o
HAL_GetTickPrio                                   build/stm32g4xx_hal.o
HAL_HalfDuplex_EnableReceiver                     build/stm32g4xx_hal_uart.o
HAL_HalfDuplex_EnableTransmitter                  build/stm32g4xx_hal_uart.o
HAL_HalfDuplex_Init                               build/stm32g4xx_hal_uart.o
HAL_I2CEx_ConfigAnalogFilter                      build/stm32g4xx_hal_i2c_ex.o
                                                  build/i2c.o
HAL_I2CEx_ConfigDigitalFilter                     build/stm32g4xx_hal_i2c_ex.o
                                                  build/i2c.o
HAL_I2CEx_DisableFastModePlus                     build/stm32g4xx_hal_i2c_ex.o
HAL_I2CEx_DisableWakeUp                           build/stm32g4xx_hal_i2c_ex.o
HAL_I2CEx_EnableFastModePlus                      build/stm32g4xx_hal_i2c_ex.o
HAL_I2CEx_EnableWakeUp                            build/stm32g4xx_hal_i2c_ex.o
HAL_I2C_AbortCpltCallback                         build/stm32g4xx_hal_i2c.o
HAL_I2C_AddrCallback                              build/stm32g4xx_hal_i2c.o
HAL_I2C_DeInit                                    build/stm32g4xx_hal_i2c.o
HAL_I2C_DisableListen_IT                          build/stm32g4xx_hal_i2c.o
HAL_I2C_ER_IRQHandler                             build/stm32g4xx_hal_i2c.o
HAL_I2C_EV_IRQHandler                             build/stm32g4xx_hal_i2c.o
HAL_I2C_EnableListen_IT                           build/stm32g4xx_hal_i2c.o
HAL_I2C_ErrorCallback                             build/stm32g4xx_hal_i2c.o
HAL_I2C_GetError                                  build/stm32g4xx_hal_i2c.o
HAL_I2C_GetMode                                   build/stm32g4xx_hal_i2c.o
HAL_I2C_GetState                                  build/stm32g4xx_hal_i2c.o
HAL_I2C_Init                                      build/stm32g4xx_hal_i2c.o
                                                  build/i2c.o
HAL_I2C_IsDeviceReady                             build/stm32g4xx_hal_i2c.o
HAL_I2C_ListenCpltCallback                        build/stm32g4xx_hal_i2c.o
HAL_I2C_MasterRxCpltCallback                      build/stm32g4xx_hal_i2c.o
HAL_I2C_MasterTxCpltCallback                      build/stm32g4xx_hal_i2c.o
HAL_I2C_Master_Abort_IT                           build/stm32g4xx_hal_i2c.o
HAL_I2C_Master_Receive                            build/stm32g4xx_hal_i2c.o
HAL_I2C_Master_Receive_DMA                        build/stm32g4xx_hal_i2c.o
HAL_I2C_Master_Receive_IT                         build/stm32g4xx_hal_i2c.o
HAL_I2C_Master_Seq_Receive_DMA                    build/stm32g4xx_hal_i2c.o
HAL_I2C_Master_Seq_Receive_IT                     build/stm32g4xx_hal_i2c.o
HAL_I2C_Master_Seq_Transmit_DMA                   build/stm32g4xx_hal_i2c.o
HAL_I2C_Master_Seq_Transmit_IT                    build/stm32g4xx_hal_i2c.o
HAL_I2C_Master_Transmit                           build/stm32g4xx_hal_i2c.o
HAL_I2C_Master_Transmit_DMA                       build/stm32g4xx_hal_i2c.o
HAL_I2C_Master_Transmit_IT                        build/stm32g4xx_hal_i2c.o
HAL_I2C_MemRxCpltCallback                         build/stm32g4xx_hal_i2c.o
HAL_I2C_MemTxCpltCallback                         build/stm32g4xx_hal_i2c.o
HAL_I2C_Mem_Read                                  build/stm32g4xx_hal_i2c.o
HAL_I2C_Mem_Read_DMA                              build/stm32g4xx_hal_i2c.o
HAL_I2C_Mem_Read_IT                               build/stm32g4xx_hal_i2c.o
HAL_I2C_Mem_Write                                 build/stm32g4xx_hal_i2c.o
HAL_I2C_Mem_Write_DMA                             build/stm32g4xx_hal_i2c.o
HAL_I2C_Mem_Write_IT                              build/stm32g4xx_hal_i2c.o
HAL_I2C_MspDeInit                                 build/i2c.o
HAL_I2C_MspInit                                   build/i2c.o
HAL_I2C_SlaveRxCpltCallback                       build/stm32g4xx_hal_i2c.o
HAL_I2C_SlaveTxCpltCallback                       build/stm32g4xx_hal_i2c.o
HAL_I2C_Slave_Receive                             build/stm32g4xx_hal_i2c.o
HAL_I2C_Slave_Receive_DMA                         build/stm32g4xx_hal_i2c.o
HAL_I2C_Slave_Receive_IT                          build/stm32g4xx_hal_i2c.o
HAL_I2C_Slave_Seq_Receive_DMA                     build/stm32g4xx_hal_i2c.o
HAL_I2C_Slave_Seq_Receive_IT                      build/stm32g4xx_hal_i2c.o
HAL_I2C_Slave_Seq_Transmit_DMA                    build/stm32g4xx_hal_i2c.o
HAL_I2C_Slave_Seq_Transmit_IT                     build/stm32g4xx_hal_i2c.o
HAL_I2C_Slave_Transmit                            build/stm32g4xx_hal_i2c.o
HAL_I2C_Slave_Transmit_DMA                        build/stm32g4xx_hal_i2c.o
HAL_I2C_Slave_Transmit_IT                         build/stm32g4xx_hal_i2c.o
HAL_IncTick                                       build/stm32g4xx_hal.o
                                                  build/main.o
HAL_Init                                          build/stm32g4xx_hal.o
                                                  build/main.o
HAL_InitTick                                      build/stm32g4xx_hal_timebase_tim.o
                                                  build/stm32g4xx_hal_rcc.o
HAL_LIN_Init                                      build/stm32g4xx_hal_uart.o
HAL_LIN_SendBreak                                 build/stm32g4xx_hal_uart.o
HAL_MPU_ConfigRegion                              build/stm32g4xx_hal_cortex.o
HAL_MPU_Disable                                   build/stm32g4xx_hal_cortex.o
HAL_MPU_Enable                                    build/stm32g4xx_hal_cortex.o
HAL_MspDeInit                                     build/stm32g4xx_hal.o
HAL_MspInit                                       build/stm32g4xx_hal_msp.o
HAL_MultiProcessorEx_AddressLength_Set            build/stm32g4xx_hal_uart_ex.o
HAL_MultiProcessor_DisableMuteMode                build/stm32g4xx_hal_uart.o
HAL_MultiProcessor_EnableMuteMode                 build/stm32g4xx_hal_uart.o
HAL_MultiProcessor_EnterMuteMode                  build/stm32g4xx_hal_uart.o
HAL_MultiProcessor_Init                           build/stm32g4xx_hal_uart.o
HAL_NVIC_ClearPendingIRQ                          build/stm32g4xx_hal_cortex.o
HAL_NVIC_DisableIRQ                               build/stm32g4xx_hal_cortex.o
HAL_NVIC_EnableIRQ                                build/stm32g4xx_hal_cortex.o
                                                  build/stm32g4xx_hal_timebase_tim.o
HAL_NVIC_GetActive                                build/stm32g4xx_hal_cortex.o
HAL_NVIC_GetPendingIRQ                            build/stm32g4xx_hal_cortex.o
HAL_NVIC_GetPriority                              build/stm32g4xx_hal_cortex.o
HAL_NVIC_GetPriorityGrouping                      build/stm32g4xx_hal_cortex.o
HAL_NVIC_SetPendingIRQ                            build/stm32g4xx_hal_cortex.o
HAL_NVIC_SetPriority                              build/stm32g4xx_hal_cortex.o
                                                  build/stm32g4xx_hal.o
                                                  build/stm32g4xx_hal_timebase_tim.o
                                                  build/stm32g4xx_hal_msp.o
HAL_NVIC_SetPriorityGrouping                      build/stm32g4xx_hal_cortex.o
                                                  build/stm32g4xx_hal.o
HAL_NVIC_SystemReset                              build/stm32g4xx_hal_cortex.o
HAL_PWREx_ConfigPVM                               build/stm32g4xx_hal_pwr_ex.o
HAL_PWREx_ControlVoltageScaling                   build/stm32g4xx_hal_pwr_ex.o
                                                  build/main.o
HAL_PWREx_DisableBatteryCharging                  build/stm32g4xx_hal_pwr_ex.o
HAL_PWREx_DisableGPIOPullDown                     build/stm32g4xx_hal_pwr_ex.o
HAL_PWREx_DisableGPIOPullUp                       build/stm32g4xx_hal_pwr_ex.o
HAL_PWREx_DisableInternalWakeUpLine               build/stm32g4xx_hal_pwr_ex.o
HAL_PWREx_DisableLowPowerRunMode                  build/stm32g4xx_hal_pwr_ex.o
                                                  build/stm32g4xx_hal_pwr.o
HAL_PWREx_DisablePVM1                             build/stm32g4xx_hal_pwr_ex.o
HAL_PWREx_DisablePVM2                             build/stm32g4xx_hal_pwr_ex.o
HAL_PWREx_DisablePVM3                             build/stm32g4xx_hal_pwr_ex.o
HAL_PWREx_DisablePVM4                             build/stm32g4xx_hal_pwr_ex.o
HAL_PWREx_DisablePullUpPullDownConfig             build/stm32g4xx_hal_pwr_ex.o
HAL_PWREx_DisableSRAM2ContentRetention            build/stm32g4xx_hal_pwr_ex.o
HAL_PWREx_DisableUSBDeadBatteryPD                 build/stm32g4xx_hal_pwr_ex.o
HAL_PWREx_DisableUSBStandByModePD                 build/stm32g4xx_hal_pwr_ex.o
HAL_PWREx_EnableBatteryCharging                   build/stm32g4xx_hal_pwr_ex.o
HAL_PWREx_EnableGPIOPullDown                      build/stm32g4xx_hal_pwr_ex.o
HAL_PWREx_EnableGPIOPullUp                        build/stm32g4xx_hal_pwr_ex.o
HAL_PWREx_EnableInternalWakeUpLine                build/stm32g4xx_hal_pwr_ex.o
HAL_PWREx_EnableLowPowerRunMode                   build/stm32g4xx_hal_pwr_ex.o
                                                  build/stm32g4xx_hal_pwr.o
HAL_PWREx_EnablePVM1                              build/stm32g4xx_hal_pwr_ex.o
HAL_PWREx_EnablePVM2                              build/stm32g4xx_hal_pwr_ex.o
HAL_PWREx_EnablePVM3                              build/stm32g4xx_hal_pwr_ex.o
HAL_PWREx_EnablePVM4                              build/stm32g4xx_hal_pwr_ex.o
HAL_PWREx_EnablePullUpPullDownConfig              build/stm32g4xx_hal_pwr_ex.o
HAL_PWREx_EnableSRAM2ContentRetention             build/stm32g4xx_hal_pwr_ex.o
HAL_PWREx_EnableUSBDeadBatteryPD                  build/stm32g4xx_hal_pwr_ex.o
HAL_PWREx_EnableUSBStandByModePD                  build/stm32g4xx_hal_pwr_ex.o
HAL_PWREx_EnterSHUTDOWNMode                       build/stm32g4xx_hal_pwr_ex.o
HAL_PWREx_EnterSTOP0Mode                          build/stm32g4xx_hal_pwr_ex.o
                                                  build/stm32g4xx_hal_pwr.o
HAL_PWREx_EnterSTOP1Mode                          build/stm32g4xx_hal_pwr_ex.o
                                                  build/stm32g4xx_hal_pwr.o
HAL_PWREx_GetVoltageRange                         build/stm32g4xx_hal_pwr_ex.o
HAL_PWREx_PVD_PVM_IRQHandler                      build/stm32g4xx_hal_pwr_ex.o
HAL_PWREx_PVM1Callback                            build/stm32g4xx_hal_pwr_ex.o
HAL_PWREx_PVM2Callback                            build/stm32g4xx_hal_pwr_ex.o
HAL_PWREx_PVM3Callback                            build/stm32g4xx_hal_pwr_ex.o
HAL_PWREx_PVM4Callback                            build/stm32g4xx_hal_pwr_ex.o
HAL_PWR_ConfigPVD                                 build/stm32g4xx_hal_pwr.o
HAL_PWR_DeInit                                    build/stm32g4xx_hal_pwr.o
HAL_PWR_DisableBkUpAccess                         build/stm32g4xx_hal_pwr.o
                                                  build/stm32g4xx_hal_rcc_ex.o
HAL_PWR_DisablePVD                                build/stm32g4xx_hal_pwr.o
HAL_PWR_DisableSEVOnPend                          build/stm32g4xx_hal_pwr.o
HAL_PWR_DisableSleepOnExit                        build/stm32g4xx_hal_pwr.o
HAL_PWR_DisableWakeUpPin                          build/stm32g4xx_hal_pwr.o
HAL_PWR_EnableBkUpAccess                          build/stm32g4xx_hal_pwr.o
                                                  build/stm32g4xx_hal_rcc_ex.o
HAL_PWR_EnablePVD                                 build/stm32g4xx_hal_pwr.o
HAL_PWR_EnableSEVOnPend                           build/stm32g4xx_hal_pwr.o
HAL_PWR_EnableSleepOnExit                         build/stm32g4xx_hal_pwr.o
HAL_PWR_EnableWakeUpPin                           build/stm32g4xx_hal_pwr.o
HAL_PWR_EnterSLEEPMode                            build/stm32g4xx_hal_pwr.o
HAL_PWR_EnterSTANDBYMode                          build/stm32g4xx_hal_pwr.o
HAL_PWR_EnterSTOPMode                             build/stm32g4xx_hal_pwr.o
HAL_PWR_PVDCallback                               build/stm32g4xx_hal_pwr.o
                                                  build/stm32g4xx_hal_pwr_ex.o
HAL_RCCEx_CRSConfig                               build/stm32g4xx_hal_rcc_ex.o
HAL_RCCEx_CRSGetSynchronizationInfo               build/stm32g4xx_hal_rcc_ex.o
HAL_RCCEx_CRSSoftwareSynchronizationGenerate      build/stm32g4xx_hal_rcc_ex.o
HAL_RCCEx_CRSWaitSynchronization                  build/stm32g4xx_hal_rcc_ex.o
HAL_RCCEx_CRS_ErrorCallback                       build/stm32g4xx_hal_rcc_ex.o
HAL_RCCEx_CRS_ExpectedSyncCallback                build/stm32g4xx_hal_rcc_ex.o
HAL_RCCEx_CRS_IRQHandler                          build/stm32g4xx_hal_rcc_ex.o
HAL_RCCEx_CRS_SyncOkCallback                      build/stm32g4xx_hal_rcc_ex.o
HAL_RCCEx_CRS_SyncWarnCallback                    build/stm32g4xx_hal_rcc_ex.o
HAL_RCCEx_DisableLSCO                             build/stm32g4xx_hal_rcc_ex.o
HAL_RCCEx_DisableLSECSS                           build/stm32g4xx_hal_rcc_ex.o
HAL_RCCEx_EnableLSCO                              build/stm32g4xx_hal_rcc_ex.o
HAL_RCCEx_EnableLSECSS                            build/stm32g4xx_hal_rcc_ex.o
HAL_RCCEx_EnableLSECSS_IT                         build/stm32g4xx_hal_rcc_ex.o
HAL_RCCEx_GetPeriphCLKConfig                      build/stm32g4xx_hal_rcc_ex.o
HAL_RCCEx_GetPeriphCLKFreq                        build/stm32g4xx_hal_rcc_ex.o
HAL_RCCEx_LSECSS_Callback                         build/stm32g4xx_hal_rcc_ex.o
HAL_RCCEx_LSECSS_IRQHandler                       build/stm32g4xx_hal_rcc_ex.o
HAL_RCCEx_PeriphCLKConfig                         build/stm32g4xx_hal_rcc_ex.o
                                                  build/main.o
HAL_RCC_CSSCallback                               build/stm32g4xx_hal_rcc.o
HAL_RCC_ClockConfig                               build/stm32g4xx_hal_rcc.o
                                                  build/main.o
HAL_RCC_DeInit                                    build/stm32g4xx_hal_rcc.o
HAL_RCC_DisableLSECSS                             build/stm32g4xx_hal_rcc.o
HAL_RCC_EnableCSS                                 build/stm32g4xx_hal_rcc.o
HAL_RCC_EnableLSECSS                              build/stm32g4xx_hal_rcc.o
HAL_RCC_GetClockConfig                            build/stm32g4xx_hal_rcc.o
                                                  build/stm32g4xx_hal_timebase_tim.o
HAL_RCC_GetHCLKFreq                               build/stm32g4xx_hal_rcc.o
HAL_RCC_GetOscConfig                              build/stm32g4xx_hal_rcc.o
HAL_RCC_GetPCLK1Freq                              build/stm32g4xx_hal_rcc.o
                                                  build/stm32g4xx_hal_uart.o
                                                  build/stm32g4xx_hal_rcc_ex.o
                                                  build/stm32g4xx_hal_timebase_tim.o
HAL_RCC_GetPCLK2Freq                              build/stm32g4xx_hal_rcc.o
                                                  build/stm32g4xx_hal_uart.o
                                                  build/stm32g4xx_hal_rcc_ex.o
HAL_RCC_GetSysClockFreq                           build/stm32g4xx_hal_rcc.o
                                                  build/stm32g4xx_hal_uart.o
                                                  build/stm32g4xx_hal_rcc_ex.o
HAL_RCC_MCOConfig                                 build/stm32g4xx_hal_rcc.o
HAL_RCC_NMI_IRQHandler                            build/stm32g4xx_hal_rcc.o
HAL_RCC_OscConfig                                 build/stm32g4xx_hal_rcc.o
                                                  build/main.o
HAL_RS485Ex_Init                                  build/stm32g4xx_hal_uart_ex.o
HAL_ResumeTick                                    build/stm32g4xx_hal_timebase_tim.o
HAL_SYSCFG_CCMSRAMErase                           build/stm32g4xx_hal.o
HAL_SYSCFG_CCMSRAM_WriteProtectionEnable          build/stm32g4xx_hal.o
HAL_SYSCFG_DisableIOSwitchBooster                 build/stm32g4xx_hal.o
HAL_SYSCFG_DisableIOSwitchVDD                     build/stm32g4xx_hal.o
HAL_SYSCFG_DisableMemorySwappingBank              build/stm32g4xx_hal.o
HAL_SYSCFG_DisableVREFBUF                         build/stm32g4xx_hal.o